#
# There is insufficient memory for the Java Runtime Environment to continue.
# Native memory allocation (malloc) failed to allocate 1230096 bytes. Error detail: Chunk::new
# Possible reasons:
#   The system is out of physical RAM or swap space
#   This process is running with CompressedOops enabled, and the Java Heap may be blocking the growth of the native heap
# Possible solutions:
#   Reduce memory load on the system
#   Increase physical memory or swap space
#   Check if swap backing store is full
#   Decrease Java heap size (-Xmx/-Xms)
#   Decrease number of Java threads
#   Decrease Java thread stack sizes (-Xss)
#   Set larger code cache with -XX:ReservedCodeCacheSize=
#   JVM is running with Unscaled Compressed Oops mode in which the Java heap is
#     placed in the first 4GB address space. The Java Heap base address is the
#     maximum limit for the native heap growth. Please use -XX:HeapBaseMinAddress
#     to set the Java Heap base and to place the Java Heap above 4GB virtual address.
# This output file may be truncated or incomplete.
#
#  Out of Memory Error (arena.cpp:168), pid=7740, tid=7944
#
# JRE version: OpenJDK Runtime Environment Temurin-21.0.10+7 (21.0.10+7) (build 21.0.10+7-LTS)
# Java VM: OpenJDK 64-Bit Server VM Temurin-21.0.10+7 (21.0.10+7-LTS, mixed mode, sharing, tiered, compressed oops, compressed class ptrs, parallel gc, windows-amd64)
# No core dump will be written. Minidumps are not enabled by default on client versions of Windows
#

---------------  S U M M A R Y ------------

Command Line: --add-modules=ALL-SYSTEM --add-opens=java.base/java.util=ALL-UNNAMED --add-opens=java.base/java.lang=ALL-UNNAMED --add-opens=java.base/sun.nio.fs=ALL-UNNAMED -Declipse.application=org.eclipse.jdt.ls.core.id1 -Dosgi.bundles.defaultStartLevel=4 -Declipse.product=org.eclipse.jdt.ls.core.product -Djava.import.generatesMetadataFilesAtProjectRoot=false -DDetectVMInstallationsJob.disabled=true -Dfile.encoding=utf8 -XX:+UseParallelGC -XX:GCTimeRatio=4 -XX:AdaptiveSizePolicyWeight=90 -Dsun.zip.disableMemoryMapping=true -Xmx2G -Xms100m -Xlog:disable -javaagent:c:\Users\trami\.vscode\extensions\redhat.java-1.54.0-win32-x64\lombok\lombok-1.18.39-4050.jar -XX:+HeapDumpOnOutOfMemoryError -XX:HeapDumpPath=c:\Users\trami\AppData\Roaming\Code\User\workspaceStorage\c66ff762d51978c026e4f0719f5d9df8\redhat.java -Daether.dependencyCollector.impl=bf c:\Users\trami\.vscode\extensions\redhat.java-1.54.0-win32-x64\server\plugins\org.eclipse.equinox.launcher_1.7.100.v20251111-0406.jar -configuration c:\Users\trami\AppData\Roaming\Code\User\globalStorage\redhat.java\1.54.0\config_win -data c:\Users\trami\AppData\Roaming\Code\User\workspaceStorage\c66ff762d51978c026e4f0719f5d9df8\redhat.java\jdt_ws --pipe=\\.\pipe\lsp-89b03b161c4d49b4435c47e927095d9b-sock

Host: Intel(R) Core(TM) i3-N305, 8 cores, 7G,  Windows 11 , 64 bit Build 26100 (10.0.26100.8328)
Time: Thu May 28 21:45:42 2026 Hora est. Sudamérica Pacífico elapsed time: 113.818195 seconds (0d 0h 1m 53s)

---------------  T H R E A D  ---------------

Current thread (0x0000023124b8b1f0):  JavaThread "C2 CompilerThread0" daemon [_thread_in_native, id=7944, stack(0x0000007b28a00000,0x0000007b28b00000) (1024K)]


Current CompileTask:
C2:113818 13400 % !   4       org.eclipse.jdt.internal.core.JarPackageFragmentRoot::computeChildren @ 247 (606 bytes)

Stack: [0x0000007b28a00000,0x0000007b28b00000]
Native frames: (J=compiled Java code, j=interpreted, Vv=VM code, C=native code)
V  [jvm.dll+0x6d7a39]
V  [jvm.dll+0x8b4b26]
V  [jvm.dll+0x8b70de]
V  [jvm.dll+0x8b77c3]
V  [jvm.dll+0x284346]
V  [jvm.dll+0xc66ed]
V  [jvm.dll+0xc6c31]
V  [jvm.dll+0x3bec01]
V  [jvm.dll+0x38b162]
V  [jvm.dll+0x38a5aa]
V  [jvm.dll+0x24c560]
V  [jvm.dll+0x24bb40]
V  [jvm.dll+0x1cb34e]
V  [jvm.dll+0x25b85d]
V  [jvm.dll+0x259dea]
V  [jvm.dll+0x3f857e]
V  [jvm.dll+0x85f59d]
V  [jvm.dll+0x6d626d]
C  [ucrtbase.dll+0x37b0]
C  [KERNEL32.DLL+0x2e957]
C  [ntdll.dll+0x427c]


---------------  P R O C E S S  ---------------

Threads class SMR info:
_java_thread_list=0x000002310ee0be30, length=62, elements={
0x0000023124c14080, 0x0000023124cc83e0, 0x0000023124cca1b0, 0x0000023124ccd670,
0x0000023124cce1d0, 0x0000023124b85f80, 0x0000023124b869e0, 0x0000023124b8b1f0,
0x0000023124bbbfb0, 0x000002317e0960c0, 0x000002317e1f3a30, 0x000002317e910ed0,
0x000002317ec885a0, 0x000002317e7563a0, 0x000002317e78aed0, 0x000002317eff5e90,
0x000002317f12ecc0, 0x000002317e1d4b40, 0x000002317f1f4760, 0x000002317f1f5b10,
0x000002317f1f33b0, 0x000002317f1f4df0, 0x000002317f1f3a40, 0x0000023105bbeb40,
0x0000023105bc0c10, 0x0000023105bbf1d0, 0x0000023105bc12a0, 0x0000023105bbde20,
0x0000023105bc1930, 0x0000023105bbe4b0, 0x0000023105bc1fc0, 0x0000023105bc2ce0,
0x0000023105bc2650, 0x0000023105bbfef0, 0x0000023105bbf860, 0x0000023105bc3370,
0x0000023105bc3a00, 0x0000023105bc4090, 0x0000023105bc4db0, 0x0000023105bc5440,
0x000002317ef45800, 0x000002317ef44450, 0x000002317ef45e90, 0x000002317ef478d0,
0x000002317ef44ae0, 0x000002317ef46bb0, 0x000002317ef45170, 0x000002310e758b00,
0x000002310e757750, 0x000002310e759eb0, 0x000002310e756a30, 0x000002310e758470,
0x000002310e75a540, 0x000002310e7570c0, 0x000002310e75b260, 0x000002310e75abd0,
0x000002310e757de0, 0x000002310e75c610, 0x000002310e75cca0, 0x000002310e75d330,
0x0000023105bc4720, 0x000002310e759820
}

Java Threads: ( => current thread )
  0x0000023124c14080 JavaThread "main"                              [_thread_blocked, id=26328, stack(0x0000007b28000000,0x0000007b28100000) (1024K)]
  0x0000023124cc83e0 JavaThread "Reference Handler"          daemon [_thread_blocked, id=21496, stack(0x0000007b28400000,0x0000007b28500000) (1024K)]
  0x0000023124cca1b0 JavaThread "Finalizer"                  daemon [_thread_blocked, id=4664, stack(0x0000007b28500000,0x0000007b28600000) (1024K)]
  0x0000023124ccd670 JavaThread "Signal Dispatcher"          daemon [_thread_blocked, id=26844, stack(0x0000007b28600000,0x0000007b28700000) (1024K)]
  0x0000023124cce1d0 JavaThread "Attach Listener"            daemon [_thread_blocked, id=24204, stack(0x0000007b28700000,0x0000007b28800000) (1024K)]
  0x0000023124b85f80 JavaThread "Service Thread"             daemon [_thread_blocked, id=3916, stack(0x0000007b28800000,0x0000007b28900000) (1024K)]
  0x0000023124b869e0 JavaThread "Monitor Deflation Thread"   daemon [_thread_blocked, id=14896, stack(0x0000007b28900000,0x0000007b28a00000) (1024K)]
=>0x0000023124b8b1f0 JavaThread "C2 CompilerThread0"         daemon [_thread_in_native, id=7944, stack(0x0000007b28a00000,0x0000007b28b00000) (1024K)]
  0x0000023124bbbfb0 JavaThread "C1 CompilerThread0"         daemon [_thread_blocked, id=26248, stack(0x0000007b28b00000,0x0000007b28c00000) (1024K)]
  0x000002317e0960c0 JavaThread "Common-Cleaner"             daemon [_thread_blocked, id=33832, stack(0x0000007b28c00000,0x0000007b28d00000) (1024K)]
  0x000002317e1f3a30 JavaThread "Notification Thread"        daemon [_thread_blocked, id=33932, stack(0x0000007b28d00000,0x0000007b28e00000) (1024K)]
  0x000002317e910ed0 JavaThread "Active Thread: Equinox Container: 960af63d-3a56-44ab-8695-aca8f86e6450"        [_thread_blocked, id=34504, stack(0x0000007b29400000,0x0000007b29500000) (1024K)]
  0x000002317ec885a0 JavaThread "Refresh Thread: Equinox Container: 960af63d-3a56-44ab-8695-aca8f86e6450" daemon [_thread_blocked, id=34812, stack(0x0000007b29600000,0x0000007b29700000) (1024K)]
  0x000002317e7563a0 JavaThread "Framework Event Dispatcher: Equinox Container: 960af63d-3a56-44ab-8695-aca8f86e6450" daemon [_thread_blocked, id=21668, stack(0x0000007b29700000,0x0000007b29800000) (1024K)]
  0x000002317e78aed0 JavaThread "Start Level: Equinox Container: 960af63d-3a56-44ab-8695-aca8f86e6450" daemon [_thread_blocked, id=8916, stack(0x0000007b29800000,0x0000007b29900000) (1024K)]
  0x000002317eff5e90 JavaThread "Bundle File Closer"         daemon [_thread_blocked, id=18992, stack(0x0000007b29900000,0x0000007b29a00000) (1024K)]
  0x000002317f12ecc0 JavaThread "SCR Component Actor"        daemon [_thread_blocked, id=35452, stack(0x0000007b29a00000,0x0000007b29b00000) (1024K)]
  0x000002317e1d4b40 JavaThread "Worker-JM"                         [_thread_blocked, id=35744, stack(0x0000007b29b00000,0x0000007b29c00000) (1024K)]
  0x000002317f1f4760 JavaThread "JNA Cleaner"                daemon [_thread_blocked, id=34612, stack(0x0000007b29c00000,0x0000007b29d00000) (1024K)]
  0x000002317f1f5b10 JavaThread "Worker-2: Initialize workspace"        [_thread_blocked, id=18820, stack(0x0000007b29f00000,0x0000007b2a000000) (1024K)]
  0x000002317f1f33b0 JavaThread "Worker-3"                          [_thread_blocked, id=35968, stack(0x0000007b2a000000,0x0000007b2a100000) (1024K)]
  0x000002317f1f4df0 JavaThread "Java indexing"              daemon [_thread_blocked, id=36276, stack(0x0000007b2a100000,0x0000007b2a200000) (1024K)]
  0x000002317f1f3a40 JavaThread "Worker-4: Initialize Workspace"        [_thread_blocked, id=36508, stack(0x0000007b2a400000,0x0000007b2a500000) (1024K)]
  0x0000023105bbeb40 JavaThread "Thread-1"                   daemon [_thread_in_native, id=36584, stack(0x0000007b2a700000,0x0000007b2a800000) (1024K)]
  0x0000023105bc0c10 JavaThread "Thread-2"                   daemon [_thread_in_native, id=36588, stack(0x0000007b2a800000,0x0000007b2a900000) (1024K)]
  0x0000023105bbf1d0 JavaThread "Thread-3"                   daemon [_thread_in_native, id=36592, stack(0x0000007b2a900000,0x0000007b2aa00000) (1024K)]
  0x0000023105bc12a0 JavaThread "Thread-4"                   daemon [_thread_in_native, id=36596, stack(0x0000007b2aa00000,0x0000007b2ab00000) (1024K)]
  0x0000023105bbde20 JavaThread "Thread-5"                   daemon [_thread_in_native, id=36600, stack(0x0000007b2ab00000,0x0000007b2ac00000) (1024K)]
  0x0000023105bc1930 JavaThread "Thread-6"                   daemon [_thread_in_native, id=36604, stack(0x0000007b2ac00000,0x0000007b2ad00000) (1024K)]
  0x0000023105bbe4b0 JavaThread "Thread-7"                   daemon [_thread_in_native, id=36608, stack(0x0000007b2ad00000,0x0000007b2ae00000) (1024K)]
  0x0000023105bc1fc0 JavaThread "Thread-8"                   daemon [_thread_blocked, id=36612, stack(0x0000007b2ae00000,0x0000007b2af00000) (1024K)]
  0x0000023105bc2ce0 JavaThread "Thread-9"                   daemon [_thread_in_native, id=36616, stack(0x0000007b2af00000,0x0000007b2b000000) (1024K)]
  0x0000023105bc2650 JavaThread "pool-2-thread-1"                   [_thread_blocked, id=36620, stack(0x0000007b2b000000,0x0000007b2b100000) (1024K)]
  0x0000023105bbfef0 JavaThread "WorkspaceEventsHandler"            [_thread_blocked, id=36712, stack(0x0000007b2b100000,0x0000007b2b200000) (1024K)]
  0x0000023105bbf860 JavaThread "pool-1-thread-1"                   [_thread_blocked, id=36716, stack(0x0000007b2b200000,0x0000007b2b300000) (1024K)]
  0x0000023105bc3370 JavaThread "ForkJoinPool.commonPool-worker-1" daemon [_thread_blocked, id=35996, stack(0x0000007b2b300000,0x0000007b2b400000) (1024K)]
  0x0000023105bc3a00 JavaThread "ForkJoinPool.commonPool-worker-3" daemon [_thread_blocked, id=35988, stack(0x0000007b2b500000,0x0000007b2b600000) (1024K)]
  0x0000023105bc4090 JavaThread "ForkJoinPool.commonPool-worker-4" daemon [_thread_blocked, id=21748, stack(0x0000007b2b600000,0x0000007b2b700000) (1024K)]
  0x0000023105bc4db0 JavaThread "ForkJoinPool.commonPool-worker-5" daemon [_thread_blocked, id=28748, stack(0x0000007b2b700000,0x0000007b2b800000) (1024K)]
  0x0000023105bc5440 JavaThread "ForkJoinPool.commonPool-worker-6" daemon [_thread_blocked, id=36060, stack(0x0000007b2b800000,0x0000007b2b900000) (1024K)]
  0x000002317ef45800 JavaThread "ForkJoinPool.commonPool-worker-7" daemon [_thread_blocked, id=35936, stack(0x0000007b2b900000,0x0000007b2ba00000) (1024K)]
  0x000002317ef44450 JavaThread "LocalFile Deleter"          daemon [_thread_blocked, id=37528, stack(0x0000007b2bd00000,0x0000007b2be00000) (1024K)]
  0x000002317ef45e90 JavaThread "LocalFile Deleter"          daemon [_thread_blocked, id=37540, stack(0x0000007b2be00000,0x0000007b2bf00000) (1024K)]
  0x000002317ef478d0 JavaThread "LocalFile Deleter"          daemon [_thread_blocked, id=37544, stack(0x0000007b2bf00000,0x0000007b2c000000) (1024K)]
  0x000002317ef44ae0 JavaThread "LocalFile Deleter"          daemon [_thread_blocked, id=37548, stack(0x0000007b2c000000,0x0000007b2c100000) (1024K)]
  0x000002317ef46bb0 JavaThread "LocalFile Deleter"          daemon [_thread_blocked, id=37552, stack(0x0000007b2c100000,0x0000007b2c200000) (1024K)]
  0x000002317ef45170 JavaThread "LocalFile Deleter"          daemon [_thread_blocked, id=37556, stack(0x0000007b2c200000,0x0000007b2c300000) (1024K)]
  0x000002310e758b00 JavaThread "LocalFile Deleter"          daemon [_thread_blocked, id=37560, stack(0x0000007b2c300000,0x0000007b2c400000) (1024K)]
  0x000002310e757750 JavaThread "Compiler Source File Reader" daemon [_thread_blocked, id=37564, stack(0x0000007b2ba00000,0x0000007b2bb00000) (1024K)]
  0x000002310e759eb0 JavaThread "Compiler Source File Reader" daemon [_thread_blocked, id=37568, stack(0x0000007b2bb00000,0x0000007b2bc00000) (1024K)]
  0x000002310e756a30 JavaThread "Compiler Source File Reader" daemon [_thread_blocked, id=37572, stack(0x0000007b2c400000,0x0000007b2c500000) (1024K)]
  0x000002310e758470 JavaThread "Compiler Source File Reader" daemon [_thread_blocked, id=37576, stack(0x0000007b2c500000,0x0000007b2c600000) (1024K)]
  0x000002310e75a540 JavaThread "Compiler Source File Reader" daemon [_thread_blocked, id=37580, stack(0x0000007b2c600000,0x0000007b2c700000) (1024K)]
  0x000002310e7570c0 JavaThread "Compiler Source File Reader" daemon [_thread_blocked, id=37584, stack(0x0000007b2c700000,0x0000007b2c800000) (1024K)]
  0x000002310e75b260 JavaThread "Compiler Class File Writer" daemon [_thread_blocked, id=38692, stack(0x0000007b2c900000,0x0000007b2ca00000) (1024K)]
  0x000002310e75abd0 JavaThread "Compiler Class File Writer" daemon [_thread_blocked, id=38708, stack(0x0000007b2ca00000,0x0000007b2cb00000) (1024K)]
  0x000002310e757de0 JavaThread "Compiler Class File Writer" daemon [_thread_blocked, id=38776, stack(0x0000007b2cb00000,0x0000007b2cc00000) (1024K)]
  0x000002310e75c610 JavaThread "Compiler Class File Writer" daemon [_thread_blocked, id=38792, stack(0x0000007b2cc00000,0x0000007b2cd00000) (1024K)]
  0x000002310e75cca0 JavaThread "Compiler Class File Writer" daemon [_thread_blocked, id=38800, stack(0x0000007b2cd00000,0x0000007b2ce00000) (1024K)]
  0x000002310e75d330 JavaThread "Compiler Class File Writer" daemon [_thread_blocked, id=38816, stack(0x0000007b2ce00000,0x0000007b2cf00000) (1024K)]
  0x0000023105bc4720 JavaThread "Worker-7: Publish Diagnostics"        [_thread_blocked, id=40996, stack(0x0000007b27e00000,0x0000007b27f00000) (1024K)]
  0x000002310e759820 JavaThread "Worker-8"                          [_thread_blocked, id=41360, stack(0x0000007b27f00000,0x0000007b28000000) (1024K)]
Total: 62

Other Threads:
  0x0000023124b80c00 VMThread "VM Thread"                           [id=30904, stack(0x0000007b28300000,0x0000007b28400000) (1024K)]
  0x0000023124a9ba00 WatcherThread "VM Periodic Task Thread"        [id=8888, stack(0x0000007b28200000,0x0000007b28300000) (1024K)]
  0x0000023124c32850 WorkerThread "GC Thread#0"                     [id=14044, stack(0x0000007b28100000,0x0000007b28200000) (1024K)]
  0x000002317e33f690 WorkerThread "GC Thread#1"                     [id=34112, stack(0x0000007b28e00000,0x0000007b28f00000) (1024K)]
  0x000002317e3380a0 WorkerThread "GC Thread#2"                     [id=34116, stack(0x0000007b28f00000,0x0000007b29000000) (1024K)]
  0x000002317e338450 WorkerThread "GC Thread#3"                     [id=34120, stack(0x0000007b29000000,0x0000007b29100000) (1024K)]
  0x000002317e338800 WorkerThread "GC Thread#4"                     [id=34124, stack(0x0000007b29100000,0x0000007b29200000) (1024K)]
  0x000002317e338bb0 WorkerThread "GC Thread#5"                     [id=34128, stack(0x0000007b29200000,0x0000007b29300000) (1024K)]
  0x000002317e338f60 WorkerThread "GC Thread#6"                     [id=34132, stack(0x0000007b29300000,0x0000007b29400000) (1024K)]
  0x000002317e87ea30 WorkerThread "GC Thread#7"                     [id=34808, stack(0x0000007b29500000,0x0000007b29600000) (1024K)]
Total: 10

Threads with active compile tasks:
C2 CompilerThread0  113882 13400 % !   4       org.eclipse.jdt.internal.core.JarPackageFragmentRoot::computeChildren @ 247 (606 bytes)
Total: 1

VM state: at safepoint (normal execution)

VM Mutex/Monitor currently owned by a thread:  ([mutex/lock_event])
[0x00007fff518de560] Threads_lock - owner thread: 0x0000023124b80c00
[0x00007fff518de660] Heap_lock - owner thread: 0x0000023105bc4720

Heap address: 0x0000000080000000, size: 2048 MB, Compressed Oops mode: 32-bit

CDS archive(s) mapped at: [0x000002313c000000-0x000002313cba0000-0x000002313cba0000), size 12189696, SharedBaseAddress: 0x000002313c000000, ArchiveRelocationMode: 1.
Compressed class space mapped at: 0x000002313d000000-0x000002317d000000, reserved size: 1073741824
Narrow klass base: 0x000002313c000000, Narrow klass shift: 0, Narrow klass range: 0x100000000

GC Precious Log:
 CardTable entry size: 512
 CPUs: 8 total, 8 available
 Memory: 7865M
 Large Page Support: Disabled
 NUMA Support: Disabled
 Compressed Oops: Enabled (32-bit)
 Alignments: Space 512K, Generation 512K, Heap 2M
 Heap Min Capacity: 100M
 Heap Initial Capacity: 100M
 Heap Max Capacity: 2G
 Pre-touch: Disabled
 Parallel Workers: 8

Heap:
 PSYoungGen      total 18944K, used 544K [0x00000000d5580000, 0x00000000d6900000, 0x0000000100000000)
  eden space 17920K, 0% used [0x00000000d5580000,0x00000000d5580000,0x00000000d6700000)
  from space 1024K, 53% used [0x00000000d6700000,0x00000000d6788000,0x00000000d6800000)
  to   space 1024K, 0% used [0x00000000d6800000,0x00000000d6800000,0x00000000d6900000)
 ParOldGen       total 83456K, used 83158K [0x0000000080000000, 0x0000000085180000, 0x00000000d5580000)
  object space 83456K, 99% used [0x0000000080000000,0x00000000851359c8,0x0000000085180000)
 Metaspace       used 67208K, committed 68800K, reserved 1114112K
  class space    used 6907K, committed 7616K, reserved 1048576K

Card table byte_map: [0x00000231245b0000,0x00000231249c0000] _byte_map_base: 0x00000231241b0000

Marking Bits: (ParMarkBitMap*) 0x00007fff518e3450
 Begin Bits: [0x00000231370c0000, 0x00000231390c0000)
 End Bits:   [0x00000231390c0000, 0x000002313b0c0000)

Polling page: 0x00000231229e0000

Metaspace:

Usage:
  Non-class:     58.89 MB used.
      Class:      6.75 MB used.
       Both:     65.63 MB used.

Virtual space:
  Non-class space:       64.00 MB reserved,      59.75 MB ( 93%) committed,  1 nodes.
      Class space:        1.00 GB reserved,       7.44 MB ( <1%) committed,  1 nodes.
             Both:        1.06 GB reserved,      67.19 MB (  6%) committed. 

Chunk freelists:
   Non-Class:  4.03 MB
       Class:  8.56 MB
        Both:  12.59 MB

MaxMetaspaceSize: unlimited
CompressedClassSpaceSize: 1.00 GB
Initial GC threshold: 21.00 MB
Current GC threshold: 97.31 MB
CDS: on
 - commit_granule_bytes: 65536.
 - commit_granule_words: 8192.
 - virtual_space_node_default_size: 8388608.
 - enlarge_chunks_in_place: 1.
 - use_allocation_guard: 0.


Internal statistics:

num_allocs_failed_limit: 9.
num_arena_births: 1300.
num_arena_deaths: 14.
num_vsnodes_births: 2.
num_vsnodes_deaths: 0.
num_space_committed: 1075.
num_space_uncommitted: 0.
num_chunks_returned_to_freelist: 23.
num_chunks_taken_from_freelist: 4554.
num_chunk_merges: 10.
num_chunk_splits: 2773.
num_chunks_enlarged: 1513.
num_inconsistent_stats: 0.

CodeHeap 'non-profiled nmethods': size=120000Kb used=8696Kb max_used=8696Kb free=111303Kb
 bounds [0x000002312f8e0000, 0x0000023130160000, 0x0000023136e10000]
CodeHeap 'profiled nmethods': size=120000Kb used=30863Kb max_used=30863Kb free=89136Kb
 bounds [0x0000023127e10000, 0x0000023129c40000, 0x000002312f340000]
CodeHeap 'non-nmethods': size=5760Kb used=1439Kb max_used=1485Kb free=4320Kb
 bounds [0x000002312f340000, 0x000002312f5b0000, 0x000002312f8e0000]
CodeCache: size=245760Kb, used=40998Kb, max_used=41044Kb, free=204759Kb
 total_blobs=13348, nmethods=12596, adapters=657, full_count=0
Compilation: enabled, stopped_count=0, restarted_count=0

Compilation events (20 events):
Event: 112.766 Thread 0x0000023124bbbfb0 13433       3       org.eclipse.jdt.internal.compiler.util.ObjectVector$1::hasNext (18 bytes)
Event: 112.766 Thread 0x0000023124bbbfb0 nmethod 13433 0x0000023129c2e690 code [0x0000023129c2e840, 0x0000023129c2e9c0]
Event: 112.766 Thread 0x0000023124bbbfb0 13434       3       org.eclipse.jdt.internal.compiler.util.ObjectVector$1::next (19 bytes)
Event: 112.766 Thread 0x0000023124bbbfb0 nmethod 13434 0x0000023129c2ea90 code [0x0000023129c2ec40, 0x0000023129c2ede8]
Event: 112.766 Thread 0x0000023124bbbfb0 13435       3       org.eclipse.jdt.internal.core.JavaProject$$Lambda/0x000002313d496018::apply (13 bytes)
Event: 112.766 Thread 0x0000023124bbbfb0 nmethod 13435 0x0000023129c2ef10 code [0x0000023129c2f0e0, 0x0000023129c2f4d0]
Event: 112.767 Thread 0x0000023124bbbfb0 13436       3       org.eclipse.jdt.internal.core.JavaProject$$Lambda/0x000002313d496258::apply (8 bytes)
Event: 112.768 Thread 0x0000023124bbbfb0 nmethod 13436 0x0000023129c2f610 code [0x0000023129c2f880, 0x0000023129c30510]
Event: 112.768 Thread 0x0000023124bbbfb0 13439       3       org.eclipse.jdt.internal.core.JavaProject$ModuleLookup::recordRoot (16 bytes)
Event: 112.768 Thread 0x0000023124bbbfb0 nmethod 13439 0x0000023129c30890 code [0x0000023129c30a40, 0x0000023129c30c20]
Event: 112.768 Thread 0x0000023124bbbfb0 13437       3       org.eclipse.jdt.internal.core.JavaProject::lambda$1 (19 bytes)
Event: 112.769 Thread 0x0000023124bbbfb0 nmethod 13437 0x0000023129c30d10 code [0x0000023129c30f60, 0x0000023129c31a58]
Event: 112.769 Thread 0x0000023124bbbfb0 13438   !   3       org.eclipse.jdt.internal.core.JrtPackageFragmentRoot::getModule (27 bytes)
Event: 112.769 Thread 0x0000023124bbbfb0 nmethod 13438 0x0000023129c31d90 code [0x0000023129c31fc0, 0x0000023129c32838]
Event: 112.782 Thread 0x0000023124bbbfb0 13440       3       org.eclipse.jdt.internal.core.util.LRUCache$LRUCacheEntry::<init> (20 bytes)
Event: 112.782 Thread 0x0000023124bbbfb0 nmethod 13440 0x0000023129c32b10 code [0x0000023129c32cc0, 0x0000023129c32e60]
Event: 112.797 Thread 0x0000023124bbbfb0 13441       3       org.eclipse.jdt.internal.core.SourceRefElement::<init> (27 bytes)
Event: 112.797 Thread 0x0000023124bbbfb0 nmethod 13441 0x0000023129c32f10 code [0x0000023129c33100, 0x0000023129c335d0]
Event: 112.801 Thread 0x0000023124bbbfb0 13442       3       org.eclipse.jdt.internal.core.JavaProject$ModuleLookup::getRoot (22 bytes)
Event: 112.802 Thread 0x0000023124bbbfb0 nmethod 13442 0x0000023129c33790 code [0x0000023129c33980, 0x0000023129c33e18]

GC Heap History (20 events):
Event: 111.979 GC heap after
{Heap after GC invocations=68 (full 3):
 PSYoungGen      total 18944K, used 480K [0x00000000d5580000, 0x00000000d6900000, 0x0000000100000000)
  eden space 17920K, 0% used [0x00000000d5580000,0x00000000d5580000,0x00000000d6700000)
  from space 1024K, 46% used [0x00000000d6700000,0x00000000d67783e0,0x00000000d6800000)
  to   space 1024K, 0% used [0x00000000d6800000,0x00000000d6800000,0x00000000d6900000)
 ParOldGen       total 80384K, used 80051K [0x0000000080000000, 0x0000000084e80000, 0x00000000d5580000)
  object space 80384K, 99% used [0x0000000080000000,0x0000000084e2cd28,0x0000000084e80000)
 Metaspace       used 67022K, committed 68544K, reserved 1114112K
  class space    used 6896K, committed 7552K, reserved 1048576K
}
Event: 112.075 GC heap before
{Heap before GC invocations=69 (full 3):
 PSYoungGen      total 18944K, used 18400K [0x00000000d5580000, 0x00000000d6900000, 0x0000000100000000)
  eden space 17920K, 100% used [0x00000000d5580000,0x00000000d6700000,0x00000000d6700000)
  from space 1024K, 46% used [0x00000000d6700000,0x00000000d67783e0,0x00000000d6800000)
  to   space 1024K, 0% used [0x00000000d6800000,0x00000000d6800000,0x00000000d6900000)
 ParOldGen       total 80384K, used 80051K [0x0000000080000000, 0x0000000084e80000, 0x00000000d5580000)
  object space 80384K, 99% used [0x0000000080000000,0x0000000084e2cd28,0x0000000084e80000)
 Metaspace       used 67033K, committed 68544K, reserved 1114112K
  class space    used 6896K, committed 7552K, reserved 1048576K
}
Event: 112.077 GC heap after
{Heap after GC invocations=69 (full 3):
 PSYoungGen      total 18432K, used 480K [0x00000000d5580000, 0x00000000d6880000, 0x0000000100000000)
  eden space 17920K, 0% used [0x00000000d5580000,0x00000000d5580000,0x00000000d6700000)
  from space 512K, 93% used [0x00000000d6800000,0x00000000d6878000,0x00000000d6880000)
  to   space 512K, 0% used [0x00000000d6780000,0x00000000d6780000,0x00000000d6800000)
 ParOldGen       total 80384K, used 80314K [0x0000000080000000, 0x0000000084e80000, 0x00000000d5580000)
  object space 80384K, 99% used [0x0000000080000000,0x0000000084e6eb58,0x0000000084e80000)
 Metaspace       used 67033K, committed 68544K, reserved 1114112K
  class space    used 6896K, committed 7552K, reserved 1048576K
}
Event: 112.176 GC heap before
{Heap before GC invocations=70 (full 3):
 PSYoungGen      total 18432K, used 18400K [0x00000000d5580000, 0x00000000d6880000, 0x0000000100000000)
  eden space 17920K, 100% used [0x00000000d5580000,0x00000000d6700000,0x00000000d6700000)
  from space 512K, 93% used [0x00000000d6800000,0x00000000d6878000,0x00000000d6880000)
  to   space 512K, 0% used [0x00000000d6780000,0x00000000d6780000,0x00000000d6800000)
 ParOldGen       total 80384K, used 80314K [0x0000000080000000, 0x0000000084e80000, 0x00000000d5580000)
  object space 80384K, 99% used [0x0000000080000000,0x0000000084e6eb58,0x0000000084e80000)
 Metaspace       used 67034K, committed 68544K, reserved 1114112K
  class space    used 6896K, committed 7552K, reserved 1048576K
}
Event: 112.178 GC heap after
{Heap after GC invocations=70 (full 3):
 PSYoungGen      total 18432K, used 480K [0x00000000d5580000, 0x00000000d6880000, 0x0000000100000000)
  eden space 17920K, 0% used [0x00000000d5580000,0x00000000d5580000,0x00000000d6700000)
  from space 512K, 93% used [0x00000000d6780000,0x00000000d67f8000,0x00000000d6800000)
  to   space 512K, 0% used [0x00000000d6800000,0x00000000d6800000,0x00000000d6880000)
 ParOldGen       total 80896K, used 80562K [0x0000000080000000, 0x0000000084f00000, 0x00000000d5580000)
  object space 80896K, 99% used [0x0000000080000000,0x0000000084eacb58,0x0000000084f00000)
 Metaspace       used 67034K, committed 68544K, reserved 1114112K
  class space    used 6896K, committed 7552K, reserved 1048576K
}
Event: 112.227 GC heap before
{Heap before GC invocations=71 (full 3):
 PSYoungGen      total 18432K, used 18400K [0x00000000d5580000, 0x00000000d6880000, 0x0000000100000000)
  eden space 17920K, 100% used [0x00000000d5580000,0x00000000d6700000,0x00000000d6700000)
  from space 512K, 93% used [0x00000000d6780000,0x00000000d67f8000,0x00000000d6800000)
  to   space 512K, 0% used [0x00000000d6800000,0x00000000d6800000,0x00000000d6880000)
 ParOldGen       total 80896K, used 80562K [0x0000000080000000, 0x0000000084f00000, 0x00000000d5580000)
  object space 80896K, 99% used [0x0000000080000000,0x0000000084eacb58,0x0000000084f00000)
 Metaspace       used 67034K, committed 68544K, reserved 1114112K
  class space    used 6896K, committed 7552K, reserved 1048576K
}
Event: 112.229 GC heap after
{Heap after GC invocations=71 (full 3):
 PSYoungGen      total 18432K, used 352K [0x00000000d5580000, 0x00000000d6880000, 0x0000000100000000)
  eden space 17920K, 0% used [0x00000000d5580000,0x00000000d5580000,0x00000000d6700000)
  from space 512K, 68% used [0x00000000d6800000,0x00000000d6858000,0x00000000d6880000)
  to   space 512K, 0% used [0x00000000d6780000,0x00000000d6780000,0x00000000d6800000)
 ParOldGen       total 81408K, used 80898K [0x0000000080000000, 0x0000000084f80000, 0x00000000d5580000)
  object space 81408K, 99% used [0x0000000080000000,0x0000000084f00b68,0x0000000084f80000)
 Metaspace       used 67034K, committed 68544K, reserved 1114112K
  class space    used 6896K, committed 7552K, reserved 1048576K
}
Event: 112.307 GC heap before
{Heap before GC invocations=72 (full 3):
 PSYoungGen      total 18432K, used 18272K [0x00000000d5580000, 0x00000000d6880000, 0x0000000100000000)
  eden space 17920K, 100% used [0x00000000d5580000,0x00000000d6700000,0x00000000d6700000)
  from space 512K, 68% used [0x00000000d6800000,0x00000000d6858000,0x00000000d6880000)
  to   space 512K, 0% used [0x00000000d6780000,0x00000000d6780000,0x00000000d6800000)
 ParOldGen       total 81408K, used 80898K [0x0000000080000000, 0x0000000084f80000, 0x00000000d5580000)
  object space 81408K, 99% used [0x0000000080000000,0x0000000084f00b68,0x0000000084f80000)
 Metaspace       used 67035K, committed 68544K, reserved 1114112K
  class space    used 6896K, committed 7552K, reserved 1048576K
}
Event: 112.309 GC heap after
{Heap after GC invocations=72 (full 3):
 PSYoungGen      total 18432K, used 512K [0x00000000d5580000, 0x00000000d6900000, 0x0000000100000000)
  eden space 17920K, 0% used [0x00000000d5580000,0x00000000d5580000,0x00000000d6700000)
  from space 512K, 100% used [0x00000000d6780000,0x00000000d6800000,0x00000000d6800000)
  to   space 1024K, 0% used [0x00000000d6800000,0x00000000d6800000,0x00000000d6900000)
 ParOldGen       total 81408K, used 81066K [0x0000000080000000, 0x0000000084f80000, 0x00000000d5580000)
  object space 81408K, 99% used [0x0000000080000000,0x0000000084f2ab68,0x0000000084f80000)
 Metaspace       used 67035K, committed 68544K, reserved 1114112K
  class space    used 6896K, committed 7552K, reserved 1048576K
}
Event: 112.357 GC heap before
{Heap before GC invocations=73 (full 3):
 PSYoungGen      total 18432K, used 18432K [0x00000000d5580000, 0x00000000d6900000, 0x0000000100000000)
  eden space 17920K, 100% used [0x00000000d5580000,0x00000000d6700000,0x00000000d6700000)
  from space 512K, 100% used [0x00000000d6780000,0x00000000d6800000,0x00000000d6800000)
  to   space 1024K, 0% used [0x00000000d6800000,0x00000000d6800000,0x00000000d6900000)
 ParOldGen       total 81408K, used 81066K [0x0000000080000000, 0x0000000084f80000, 0x00000000d5580000)
  object space 81408K, 99% used [0x0000000080000000,0x0000000084f2ab68,0x0000000084f80000)
 Metaspace       used 67035K, committed 68544K, reserved 1114112K
  class space    used 6896K, committed 7552K, reserved 1048576K
}
Event: 112.359 GC heap after
{Heap after GC invocations=73 (full 3):
 PSYoungGen      total 18944K, used 544K [0x00000000d5580000, 0x00000000d6900000, 0x0000000100000000)
  eden space 17920K, 0% used [0x00000000d5580000,0x00000000d5580000,0x00000000d6700000)
  from space 1024K, 53% used [0x00000000d6800000,0x00000000d6888000,0x00000000d6900000)
  to   space 1024K, 0% used [0x00000000d6700000,0x00000000d6700000,0x00000000d6800000)
 ParOldGen       total 81920K, used 81418K [0x0000000080000000, 0x0000000085000000, 0x00000000d5580000)
  object space 81920K, 99% used [0x0000000080000000,0x0000000084f82b68,0x0000000085000000)
 Metaspace       used 67035K, committed 68544K, reserved 1114112K
  class space    used 6896K, committed 7552K, reserved 1048576K
}
Event: 112.467 GC heap before
{Heap before GC invocations=74 (full 3):
 PSYoungGen      total 18944K, used 18464K [0x00000000d5580000, 0x00000000d6900000, 0x0000000100000000)
  eden space 17920K, 100% used [0x00000000d5580000,0x00000000d6700000,0x00000000d6700000)
  from space 1024K, 53% used [0x00000000d6800000,0x00000000d6888000,0x00000000d6900000)
  to   space 1024K, 0% used [0x00000000d6700000,0x00000000d6700000,0x00000000d6800000)
 ParOldGen       total 81920K, used 81418K [0x0000000080000000, 0x0000000085000000, 0x00000000d5580000)
  object space 81920K, 99% used [0x0000000080000000,0x0000000084f82b68,0x0000000085000000)
 Metaspace       used 67071K, committed 68608K, reserved 1114112K
  class space    used 6900K, committed 7552K, reserved 1048576K
}
Event: 112.470 GC heap after
{Heap after GC invocations=74 (full 3):
 PSYoungGen      total 18944K, used 465K [0x00000000d5580000, 0x00000000d6880000, 0x0000000100000000)
  eden space 17920K, 0% used [0x00000000d5580000,0x00000000d5580000,0x00000000d6700000)
  from space 1024K, 45% used [0x00000000d6700000,0x00000000d6774400,0x00000000d6800000)
  to   space 512K, 0% used [0x00000000d6800000,0x00000000d6800000,0x00000000d6880000)
 ParOldGen       total 81920K, used 81826K [0x0000000080000000, 0x0000000085000000, 0x00000000d5580000)
  object space 81920K, 99% used [0x0000000080000000,0x0000000084fe8b68,0x0000000085000000)
 Metaspace       used 67071K, committed 68608K, reserved 1114112K
  class space    used 6900K, committed 7552K, reserved 1048576K
}
Event: 112.530 GC heap before
{Heap before GC invocations=75 (full 3):
 PSYoungGen      total 18944K, used 18385K [0x00000000d5580000, 0x00000000d6880000, 0x0000000100000000)
  eden space 17920K, 100% used [0x00000000d5580000,0x00000000d6700000,0x00000000d6700000)
  from space 1024K, 45% used [0x00000000d6700000,0x00000000d6774400,0x00000000d6800000)
  to   space 512K, 0% used [0x00000000d6800000,0x00000000d6800000,0x00000000d6880000)
 ParOldGen       total 81920K, used 81826K [0x0000000080000000, 0x0000000085000000, 0x00000000d5580000)
  object space 81920K, 99% used [0x0000000080000000,0x0000000084fe8b68,0x0000000085000000)
 Metaspace       used 67080K, committed 68608K, reserved 1114112K
  class space    used 6900K, committed 7552K, reserved 1048576K
}
Event: 112.532 GC heap after
{Heap after GC invocations=75 (full 3):
 PSYoungGen      total 18432K, used 448K [0x00000000d5580000, 0x00000000d6880000, 0x0000000100000000)
  eden space 17920K, 0% used [0x00000000d5580000,0x00000000d5580000,0x00000000d6700000)
  from space 512K, 87% used [0x00000000d6800000,0x00000000d6870000,0x00000000d6880000)
  to   space 512K, 0% used [0x00000000d6780000,0x00000000d6780000,0x00000000d6800000)
 ParOldGen       total 82432K, used 82114K [0x0000000080000000, 0x0000000085080000, 0x00000000d5580000)
  object space 82432K, 99% used [0x0000000080000000,0x00000000850309c0,0x0000000085080000)
 Metaspace       used 67080K, committed 68608K, reserved 1114112K
  class space    used 6900K, committed 7552K, reserved 1048576K
}
Event: 112.651 GC heap before
{Heap before GC invocations=76 (full 3):
 PSYoungGen      total 18432K, used 18368K [0x00000000d5580000, 0x00000000d6880000, 0x0000000100000000)
  eden space 17920K, 100% used [0x00000000d5580000,0x00000000d6700000,0x00000000d6700000)
  from space 512K, 87% used [0x00000000d6800000,0x00000000d6870000,0x00000000d6880000)
  to   space 512K, 0% used [0x00000000d6780000,0x00000000d6780000,0x00000000d6800000)
 ParOldGen       total 82432K, used 82114K [0x0000000080000000, 0x0000000085080000, 0x00000000d5580000)
  object space 82432K, 99% used [0x0000000080000000,0x00000000850309c0,0x0000000085080000)
 Metaspace       used 67145K, committed 68736K, reserved 1114112K
  class space    used 6903K, committed 7616K, reserved 1048576K
}
Event: 112.653 GC heap after
{Heap after GC invocations=76 (full 3):
 PSYoungGen      total 18432K, used 512K [0x00000000d5580000, 0x00000000d6900000, 0x0000000100000000)
  eden space 17920K, 0% used [0x00000000d5580000,0x00000000d5580000,0x00000000d6700000)
  from space 512K, 100% used [0x00000000d6780000,0x00000000d6800000,0x00000000d6800000)
  to   space 1024K, 0% used [0x00000000d6800000,0x00000000d6800000,0x00000000d6900000)
 ParOldGen       total 82432K, used 82410K [0x0000000080000000, 0x0000000085080000, 0x00000000d5580000)
  object space 82432K, 99% used [0x0000000080000000,0x000000008507a9c0,0x0000000085080000)
 Metaspace       used 67145K, committed 68736K, reserved 1114112K
  class space    used 6903K, committed 7616K, reserved 1048576K
}
Event: 112.762 GC heap before
{Heap before GC invocations=77 (full 3):
 PSYoungGen      total 18432K, used 18432K [0x00000000d5580000, 0x00000000d6900000, 0x0000000100000000)
  eden space 17920K, 100% used [0x00000000d5580000,0x00000000d6700000,0x00000000d6700000)
  from space 512K, 100% used [0x00000000d6780000,0x00000000d6800000,0x00000000d6800000)
  to   space 1024K, 0% used [0x00000000d6800000,0x00000000d6800000,0x00000000d6900000)
 ParOldGen       total 82432K, used 82410K [0x0000000080000000, 0x0000000085080000, 0x00000000d5580000)
  object space 82432K, 99% used [0x0000000080000000,0x000000008507a9c0,0x0000000085080000)
 Metaspace       used 67195K, committed 68800K, reserved 1114112K
  class space    used 6905K, committed 7616K, reserved 1048576K
}
Event: 112.764 GC heap after
{Heap after GC invocations=77 (full 3):
 PSYoungGen      total 18944K, used 622K [0x00000000d5580000, 0x00000000d6900000, 0x0000000100000000)
  eden space 17920K, 0% used [0x00000000d5580000,0x00000000d5580000,0x00000000d6700000)
  from space 1024K, 60% used [0x00000000d6800000,0x00000000d689bb00,0x00000000d6900000)
  to   space 1024K, 0% used [0x00000000d6700000,0x00000000d6700000,0x00000000d6800000)
 ParOldGen       total 82944K, used 82757K [0x0000000080000000, 0x0000000085100000, 0x00000000d5580000)
  object space 82944K, 99% used [0x0000000080000000,0x00000000850d15c8,0x0000000085100000)
 Metaspace       used 67195K, committed 68800K, reserved 1114112K
  class space    used 6905K, committed 7616K, reserved 1048576K
}
Event: 112.857 GC heap before
{Heap before GC invocations=78 (full 3):
 PSYoungGen      total 18944K, used 18542K [0x00000000d5580000, 0x00000000d6900000, 0x0000000100000000)
  eden space 17920K, 100% used [0x00000000d5580000,0x00000000d6700000,0x00000000d6700000)
  from space 1024K, 60% used [0x00000000d6800000,0x00000000d689bb00,0x00000000d6900000)
  to   space 1024K, 0% used [0x00000000d6700000,0x00000000d6700000,0x00000000d6800000)
 ParOldGen       total 82944K, used 82757K [0x0000000080000000, 0x0000000085100000, 0x00000000d5580000)
  object space 82944K, 99% used [0x0000000080000000,0x00000000850d15c8,0x0000000085100000)
 Metaspace       used 67208K, committed 68800K, reserved 1114112K
  class space    used 6907K, committed 7616K, reserved 1048576K
}

Dll operation events (10 events):
Event: 0.052 Loaded shared library c:\Users\trami\.vscode\extensions\redhat.java-1.54.0-win32-x64\jre\21.0.10-win32-x86_64\bin\java.dll
Event: 0.342 Loaded shared library c:\Users\trami\.vscode\extensions\redhat.java-1.54.0-win32-x64\jre\21.0.10-win32-x86_64\bin\zip.dll
Event: 0.429 Loaded shared library C:\Users\trami\.vscode\extensions\redhat.java-1.54.0-win32-x64\jre\21.0.10-win32-x86_64\bin\instrument.dll
Event: 0.444 Loaded shared library C:\Users\trami\.vscode\extensions\redhat.java-1.54.0-win32-x64\jre\21.0.10-win32-x86_64\bin\net.dll
Event: 0.450 Loaded shared library C:\Users\trami\.vscode\extensions\redhat.java-1.54.0-win32-x64\jre\21.0.10-win32-x86_64\bin\nio.dll
Event: 0.457 Loaded shared library C:\Users\trami\.vscode\extensions\redhat.java-1.54.0-win32-x64\jre\21.0.10-win32-x86_64\bin\zip.dll
Event: 0.514 Loaded shared library C:\Users\trami\.vscode\extensions\redhat.java-1.54.0-win32-x64\jre\21.0.10-win32-x86_64\bin\jimage.dll
Event: 0.784 Loaded shared library c:\Users\trami\.vscode\extensions\redhat.java-1.54.0-win32-x64\jre\21.0.10-win32-x86_64\bin\verify.dll
Event: 4.715 Loaded shared library C:\Users\trami\AppData\Roaming\Code\User\globalStorage\redhat.java\1.54.0\config_win\org.eclipse.equinox.launcher\org.eclipse.equinox.launcher.win32.win32.x86_64_1.3.0.v20260203-2149\eclipse_11919.dll
Event: 13.028 Loaded shared library C:\Users\trami\AppData\Local\Temp\jna-110621311\jna12933631773010150692.dll

Deoptimization events (20 events):
Event: 112.116 Thread 0x0000023105bc5440 DEOPT PACKING pc=0x00000231301417a8 sp=0x0000007b2b8fdd60
Event: 112.116 Thread 0x0000023105bc5440 DEOPT UNPACKING pc=0x000002312f393aa2 sp=0x0000007b2b8fdcf0 mode 2
Event: 112.409 Thread 0x0000023105bc5440 Uncommon trap: trap_request=0xffffff45 fr.pc=0x000002312f9ca288 relative=0x0000000000000628
Event: 112.409 Thread 0x0000023105bc5440 Uncommon trap: reason=unstable_if action=reinterpret pc=0x000002312f9ca288 method=org.eclipse.jdt.internal.core.util.WeakHashSet.addValue(Lorg/eclipse/jdt/internal/core/util/WeakHashSet$HashableWeakReference;)V @ 6 c2
Event: 112.409 Thread 0x0000023105bc5440 DEOPT PACKING pc=0x000002312f9ca288 sp=0x0000007b2b8fdc30
Event: 112.409 Thread 0x0000023105bc5440 DEOPT UNPACKING pc=0x000002312f393aa2 sp=0x0000007b2b8fdbd0 mode 2
Event: 112.410 Thread 0x0000023105bc5440 Uncommon trap: trap_request=0xffffff45 fr.pc=0x000002312fb8ff64 relative=0x00000000000008e4
Event: 112.410 Thread 0x0000023105bc5440 Uncommon trap: reason=unstable_if action=reinterpret pc=0x000002312fb8ff64 method=org.eclipse.jdt.internal.core.util.WeakHashSet.addValue(Lorg/eclipse/jdt/internal/core/util/WeakHashSet$HashableWeakReference;)V @ 6 c2
Event: 112.410 Thread 0x0000023105bc5440 DEOPT PACKING pc=0x000002312fb8ff64 sp=0x0000007b2b8fdca0
Event: 112.410 Thread 0x0000023105bc5440 DEOPT UNPACKING pc=0x000002312f393aa2 sp=0x0000007b2b8fdbe0 mode 2
Event: 112.699 Thread 0x0000023105bc4720 Uncommon trap: trap_request=0xffffff6e fr.pc=0x0000023130145658 relative=0x0000000000000658
Event: 112.699 Thread 0x0000023105bc4720 Uncommon trap: reason=loop_limit_check action=maybe_recompile pc=0x0000023130145658 method=org.eclipse.jdt.internal.core.util.HashtableOfArrayToObject.hashCode([Ljava/lang/Object;I)I @ 27 c2
Event: 112.699 Thread 0x0000023105bc4720 DEOPT PACKING pc=0x0000023130145658 sp=0x0000007b27efe690
Event: 112.699 Thread 0x0000023105bc4720 DEOPT UNPACKING pc=0x000002312f393aa2 sp=0x0000007b27efe5c0 mode 2
Event: 112.699 Thread 0x0000023105bc4720 Uncommon trap: trap_request=0xffffff6e fr.pc=0x00000231301444d0 relative=0x0000000000000190
Event: 112.699 Thread 0x0000023105bc4720 Uncommon trap: reason=loop_limit_check action=maybe_recompile pc=0x00000231301444d0 method=org.eclipse.jdt.internal.core.util.HashtableOfArrayToObject.hashCode([Ljava/lang/Object;I)I @ 27 c2
Event: 112.699 Thread 0x0000023105bc4720 DEOPT PACKING pc=0x00000231301444d0 sp=0x0000007b27efe630
Event: 112.699 Thread 0x0000023105bc4720 DEOPT UNPACKING pc=0x000002312f393aa2 sp=0x0000007b27efe5b8 mode 2
Event: 112.802 Thread 0x0000023105bc5440 DEOPT PACKING pc=0x0000023129bcf722 sp=0x0000007b2b8fdab0
Event: 112.802 Thread 0x0000023105bc5440 DEOPT UNPACKING pc=0x000002312f394242 sp=0x0000007b2b8fd028 mode 0

Classes loaded (20 events):
Event: 104.453 Loading class java/nio/file/PathMatcher done
Event: 104.453 Loading class sun/nio/fs/WindowsFileSystem$2 done
Event: 106.817 Loading class java/util/Collections$SynchronizedRandomAccessList
Event: 106.826 Loading class java/util/Collections$SynchronizedList
Event: 106.828 Loading class java/util/Collections$SynchronizedList done
Event: 106.828 Loading class java/util/Collections$SynchronizedRandomAccessList done
Event: 106.849 Loading class java/util/concurrent/CompletableFuture$UniApply
Event: 106.850 Loading class java/util/concurrent/CompletableFuture$UniApply done
Event: 106.856 Loading class java/util/concurrent/CompletableFuture$UniExceptionally
Event: 106.859 Loading class java/util/concurrent/CompletableFuture$UniExceptionally done
Event: 106.921 Loading class java/util/concurrent/CompletableFuture$Signaller
Event: 106.921 Loading class java/util/concurrent/CompletableFuture$Signaller done
Event: 108.296 Loading class java/nio/charset/CharacterCodingException
Event: 108.297 Loading class java/nio/charset/CharacterCodingException done
Event: 108.297 Loading class java/io/SequenceInputStream
Event: 108.298 Loading class java/io/SequenceInputStream done
Event: 109.119 Loading class java/lang/UnsupportedClassVersionError
Event: 109.120 Loading class java/lang/UnsupportedClassVersionError done
Event: 112.769 Loading class javax/xml/transform/TransformerConfigurationException
Event: 112.804 Loading class javax/xml/transform/TransformerConfigurationException done

Classes unloaded (7 events):
Event: 15.003 Thread 0x0000023124b80c00 Unloading class 0x000002313d1ad000 'java/lang/invoke/LambdaForm$MH+0x000002313d1ad000'
Event: 15.003 Thread 0x0000023124b80c00 Unloading class 0x000002313d1acc00 'java/lang/invoke/LambdaForm$MH+0x000002313d1acc00'
Event: 15.003 Thread 0x0000023124b80c00 Unloading class 0x000002313d1ac800 'java/lang/invoke/LambdaForm$MH+0x000002313d1ac800'
Event: 15.003 Thread 0x0000023124b80c00 Unloading class 0x000002313d1ac400 'java/lang/invoke/LambdaForm$MH+0x000002313d1ac400'
Event: 15.003 Thread 0x0000023124b80c00 Unloading class 0x000002313d1ac000 'java/lang/invoke/LambdaForm$BMH+0x000002313d1ac000'
Event: 15.003 Thread 0x0000023124b80c00 Unloading class 0x000002313d1abc00 'java/lang/invoke/LambdaForm$DMH+0x000002313d1abc00'
Event: 15.003 Thread 0x0000023124b80c00 Unloading class 0x000002313d1aa800 'java/lang/invoke/LambdaForm$DMH+0x000002313d1aa800'

Classes redefined (0 events):
No events

Internal exceptions (20 events):
Event: 104.752 Thread 0x000002317f1f3a40 Exception <a 'sun/nio/fs/WindowsException'{0x00000000d577e750}> (0x00000000d577e750) 
thrown [s\src\hotspot\share\prims\jni.cpp, line 520]
Event: 106.833 Thread 0x0000023105bbf860 Exception <a 'java/lang/IncompatibleClassChangeError'{0x00000000d58e3f30}: Found class java.lang.Object, but interface was expected> (0x00000000d58e3f30) 
thrown [s\src\hotspot\share\interpreter\linkResolver.cpp, line 840]
Event: 108.352 Thread 0x0000023105bbf860 Exception <a 'java/io/FileNotFoundException'{0x00000000d56e9e40}> (0x00000000d56e9e40) 
thrown [s\src\hotspot\share\prims\jni.cpp, line 520]
Event: 108.352 Thread 0x0000023105bbf860 Exception <a 'java/io/FileNotFoundException'{0x00000000d56eae90}> (0x00000000d56eae90) 
thrown [s\src\hotspot\share\prims\jni.cpp, line 520]
Event: 108.648 Thread 0x0000023105bbf860 Exception <a 'sun/nio/fs/WindowsException'{0x00000000d592c1b0}> (0x00000000d592c1b0) 
thrown [s\src\hotspot\share\prims\jni.cpp, line 520]
Event: 108.649 Thread 0x0000023105bbf860 Exception <a 'sun/nio/fs/WindowsException'{0x00000000d592c7e0}> (0x00000000d592c7e0) 
thrown [s\src\hotspot\share\prims\jni.cpp, line 520]
Event: 108.653 Thread 0x0000023105bbf860 Exception <a 'sun/nio/fs/WindowsException'{0x00000000d592f848}> (0x00000000d592f848) 
thrown [s\src\hotspot\share\prims\jni.cpp, line 520]
Event: 108.653 Thread 0x0000023105bbf860 Exception <a 'sun/nio/fs/WindowsException'{0x00000000d592fe78}> (0x00000000d592fe78) 
thrown [s\src\hotspot\share\prims\jni.cpp, line 520]
Event: 108.658 Thread 0x0000023105bbf860 Exception <a 'sun/nio/fs/WindowsException'{0x00000000d5930f58}> (0x00000000d5930f58) 
thrown [s\src\hotspot\share\prims\jni.cpp, line 520]
Event: 108.659 Thread 0x0000023105bbf860 Exception <a 'sun/nio/fs/WindowsException'{0x00000000d5931670}> (0x00000000d5931670) 
thrown [s\src\hotspot\share\prims\jni.cpp, line 520]
Event: 108.660 Thread 0x0000023105bbf860 Exception <a 'sun/nio/fs/WindowsException'{0x00000000d59324d0}> (0x00000000d59324d0) 
thrown [s\src\hotspot\share\prims\jni.cpp, line 520]
Event: 108.660 Thread 0x0000023105bbf860 Exception <a 'sun/nio/fs/WindowsException'{0x00000000d5932be8}> (0x00000000d5932be8) 
thrown [s\src\hotspot\share\prims\jni.cpp, line 520]
Event: 108.667 Thread 0x0000023105bbf860 Exception <a 'java/lang/IncompatibleClassChangeError'{0x00000000d5954ed8}: Found class java.lang.Object, but interface was expected> (0x00000000d5954ed8) 
thrown [s\src\hotspot\share\interpreter\linkResolver.cpp, line 840]
Event: 109.022 Thread 0x000002317f1f33b0 Exception <a 'java/lang/NoSuchMethodError'{0x00000000d59c2470}: 'java.lang.Object java.lang.invoke.DirectMethodHandle$Holder.invokeSpecial(java.lang.Object, java.lang.Object, int, long)'> (0x00000000d59c2470) 
thrown [s\src\hotspot\share\interpreter\linkResolver.cpp, line 773]
Event: 109.171 Thread 0x0000023105bc5440 Exception <a 'java/lang/NoSuchMethodError'{0x00000000d5bf2478}: 'int java.lang.invoke.Invokers$Holder.invokeExact_MT(java.lang.Object, java.lang.Object)'> (0x00000000d5bf2478) 
thrown [s\src\hotspot\share\interpreter\linkResolver.cpp, line 773]
Event: 110.093 Thread 0x0000023105bc5440 Implicit null exception at 0x000002312fb90fd6 to 0x000002312fb9154c
Event: 110.784 Thread 0x0000023105bc5440 Implicit null exception at 0x00000231300fe4a8 to 0x00000231300fed64
Event: 111.808 Thread 0x0000023105bc5440 Exception <a 'java/lang/IncompatibleClassChangeError'{0x00000000d61bbc90}: Found class java.lang.Object, but interface was expected> (0x00000000d61bbc90) 
thrown [s\src\hotspot\share\interpreter\linkResolver.cpp, line 840]
Event: 112.409 Thread 0x0000023105bc5440 Implicit null exception at 0x000002312f9c9ca6 to 0x000002312f9ca274
Event: 112.410 Thread 0x0000023105bc5440 Implicit null exception at 0x000002312fb8f981 to 0x000002312fb8ff3c

ZGC Phase Switch (0 events):
No events

VM Operations (20 events):
Event: 111.979 Executing safepoint VM operation: ParallelGCFailedAllocation (Allocation Failure) done
Event: 112.075 Executing safepoint VM operation: ParallelGCFailedAllocation (Allocation Failure)
Event: 112.077 Executing safepoint VM operation: ParallelGCFailedAllocation (Allocation Failure) done
Event: 112.162 Executing safepoint VM operation: ParallelGCFailedAllocation (Allocation Failure)
Event: 112.178 Executing safepoint VM operation: ParallelGCFailedAllocation (Allocation Failure) done
Event: 112.226 Executing safepoint VM operation: ParallelGCFailedAllocation (Allocation Failure)
Event: 112.229 Executing safepoint VM operation: ParallelGCFailedAllocation (Allocation Failure) done
Event: 112.298 Executing safepoint VM operation: ParallelGCFailedAllocation (Allocation Failure)
Event: 112.309 Executing safepoint VM operation: ParallelGCFailedAllocation (Allocation Failure) done
Event: 112.357 Executing safepoint VM operation: ParallelGCFailedAllocation (Allocation Failure)
Event: 112.359 Executing safepoint VM operation: ParallelGCFailedAllocation (Allocation Failure) done
Event: 112.434 Executing safepoint VM operation: ParallelGCFailedAllocation (Allocation Failure)
Event: 112.470 Executing safepoint VM operation: ParallelGCFailedAllocation (Allocation Failure) done
Event: 112.530 Executing safepoint VM operation: ParallelGCFailedAllocation (Allocation Failure)
Event: 112.532 Executing safepoint VM operation: ParallelGCFailedAllocation (Allocation Failure) done
Event: 112.635 Executing safepoint VM operation: ParallelGCFailedAllocation (Allocation Failure)
Event: 112.653 Executing safepoint VM operation: ParallelGCFailedAllocation (Allocation Failure) done
Event: 112.745 Executing safepoint VM operation: ParallelGCFailedAllocation (Allocation Failure)
Event: 112.764 Executing safepoint VM operation: ParallelGCFailedAllocation (Allocation Failure) done
Event: 112.857 Executing safepoint VM operation: ParallelGCFailedAllocation (Allocation Failure)

Memory protections (0 events):
No events

Nmethod flushes (20 events):
Event: 39.056 Thread 0x0000023124b80c00 flushing  nmethod 0x000002312886e090
Event: 39.056 Thread 0x0000023124b80c00 flushing  nmethod 0x000002312886e490
Event: 39.056 Thread 0x0000023124b80c00 flushing  nmethod 0x000002312886e910
Event: 39.056 Thread 0x0000023124b80c00 flushing  nmethod 0x000002312886ef10
Event: 39.056 Thread 0x0000023124b80c00 flushing  nmethod 0x000002312886f310
Event: 39.056 Thread 0x0000023124b80c00 flushing  nmethod 0x000002312886f910
Event: 39.056 Thread 0x0000023124b80c00 flushing  nmethod 0x0000023128889910
Event: 39.056 Thread 0x0000023124b80c00 flushing  nmethod 0x000002312888da90
Event: 39.056 Thread 0x0000023124b80c00 flushing  nmethod 0x00000231288a9790
Event: 39.056 Thread 0x0000023124b80c00 flushing  nmethod 0x00000231288a9c10
Event: 39.056 Thread 0x0000023124b80c00 flushing  nmethod 0x00000231288aa190
Event: 39.056 Thread 0x0000023124b80c00 flushing  nmethod 0x00000231288aa690
Event: 39.056 Thread 0x0000023124b80c00 flushing  nmethod 0x00000231288aaa10
Event: 39.056 Thread 0x0000023124b80c00 flushing  nmethod 0x00000231288ab290
Event: 39.056 Thread 0x0000023124b80c00 flushing  nmethod 0x00000231288ab890
Event: 39.056 Thread 0x0000023124b80c00 flushing  nmethod 0x00000231288ad090
Event: 39.056 Thread 0x0000023124b80c00 flushing  nmethod 0x00000231288ad890
Event: 39.056 Thread 0x0000023124b80c00 flushing  nmethod 0x00000231288b9d90
Event: 39.056 Thread 0x0000023124b80c00 flushing  nmethod 0x00000231288c8310
Event: 39.056 Thread 0x0000023124b80c00 flushing  nmethod 0x00000231288e2f90

Events (20 events):
Event: 99.380 Thread 0x000002317f1f3a40 Thread added: 0x000002310e75b8f0
Event: 99.382 Thread 0x000002317f1f3a40 Thread added: 0x0000023105bc4720
Event: 99.547 Thread 0x000002310615aea0 Thread added: 0x000002310615d780
Event: 99.579 Thread 0x0000023105bc4720 Thread exited: 0x0000023105bc4720
Event: 99.579 Thread 0x000002310e75e050 Thread exited: 0x000002310e75e050
Event: 99.579 Thread 0x000002310e75bf80 Thread exited: 0x000002310e75bf80
Event: 99.579 Thread 0x000002310e75b8f0 Thread exited: 0x000002310e75b8f0
Event: 99.580 Thread 0x000002310e75d9c0 Thread exited: 0x000002310e75d9c0
Event: 99.696 Thread 0x000002310615d780 Thread exited: 0x000002310615d780
Event: 99.902 Thread 0x000002310615aea0 Thread exited: 0x000002310615aea0
Event: 101.677 Thread 0x000002317f1f5480 Thread exited: 0x000002317f1f5480
Event: 101.678 Thread 0x000002317f1f2d20 Thread exited: 0x000002317f1f2d20
Event: 102.560 Thread 0x000002317f1f2690 Thread exited: 0x000002317f1f2690
Event: 103.027 Thread 0x000002317f1f40d0 Thread exited: 0x000002317f1f40d0
Event: 103.394 Thread 0x000002317ef47240 Thread exited: 0x000002317ef47240
Event: 104.210 Thread 0x000002317f1f3a40 Thread added: 0x0000023105bc4720
Event: 104.254 Thread 0x000002310e759820 Thread exited: 0x000002310e759820
Event: 106.052 Thread 0x0000023105bc4720 Thread exited: 0x0000023105bc4720
Event: 106.866 Thread 0x000002317f1f33b0 Thread added: 0x0000023105bc4720
Event: 108.988 Thread 0x000002317f1f33b0 Thread added: 0x000002310e759820


Dynamic libraries:
0x00007ff715370000 - 0x00007ff71537e000 	c:\Users\trami\.vscode\extensions\redhat.java-1.54.0-win32-x64\jre\21.0.10-win32-x86_64\bin\java.exe
0x00007ff810640000 - 0x00007ff8108a7000 	C:\WINDOWS\SYSTEM32\ntdll.dll
0x00007ff80f090000 - 0x00007ff80f159000 	C:\WINDOWS\System32\KERNEL32.DLL
0x00007ff80dc10000 - 0x00007ff80e007000 	C:\WINDOWS\System32\KERNELBASE.dll
0x00007ff80e010000 - 0x00007ff80e15b000 	C:\WINDOWS\System32\ucrtbase.dll
0x00007fffe6ac0000 - 0x00007fffe6ad8000 	c:\Users\trami\.vscode\extensions\redhat.java-1.54.0-win32-x64\jre\21.0.10-win32-x86_64\bin\jli.dll
0x00007ff810380000 - 0x00007ff810546000 	C:\WINDOWS\System32\USER32.dll
0x00007ff80e210000 - 0x00007ff80e237000 	C:\WINDOWS\System32\win32u.dll
0x00007ff80fc60000 - 0x00007ff80fc8b000 	C:\WINDOWS\System32\GDI32.dll
0x00007ff80d8e0000 - 0x00007ff80da0c000 	C:\WINDOWS\System32\gdi32full.dll
0x00007ff80e160000 - 0x00007ff80e203000 	C:\WINDOWS\System32\msvcp_win.dll
0x00007fffe5630000 - 0x00007fffe564e000 	c:\Users\trami\.vscode\extensions\redhat.java-1.54.0-win32-x64\jre\21.0.10-win32-x86_64\bin\VCRUNTIME140.dll
0x00007ffff3bc0000 - 0x00007ffff3e52000 	C:\WINDOWS\WinSxS\amd64_microsoft.windows.common-controls_6595b64144ccf1df_6.0.26100.8457_none_3e0b2faee331e92d\COMCTL32.dll
0x00007ff810550000 - 0x00007ff8105f9000 	C:\WINDOWS\System32\msvcrt.dll
0x00007ff80f000000 - 0x00007ff80f032000 	C:\WINDOWS\System32\IMM32.DLL
0x00007ffffaed0000 - 0x00007ffffaedc000 	c:\Users\trami\.vscode\extensions\redhat.java-1.54.0-win32-x64\jre\21.0.10-win32-x86_64\bin\vcruntime140_1.dll
0x00007fff95890000 - 0x00007fff9591d000 	c:\Users\trami\.vscode\extensions\redhat.java-1.54.0-win32-x64\jre\21.0.10-win32-x86_64\bin\msvcp140.dll
0x00007fff50c20000 - 0x00007fff519c1000 	c:\Users\trami\.vscode\extensions\redhat.java-1.54.0-win32-x64\jre\21.0.10-win32-x86_64\bin\server\jvm.dll
0x00007ff80e8a0000 - 0x00007ff80e956000 	C:\WINDOWS\System32\ADVAPI32.dll
0x00007ff80f160000 - 0x00007ff80f207000 	C:\WINDOWS\System32\sechost.dll
0x00007ff80f210000 - 0x00007ff80f328000 	C:\WINDOWS\System32\RPCRT4.dll
0x00007ff810280000 - 0x00007ff810300000 	C:\WINDOWS\System32\WS2_32.dll
0x00007ff80ced0000 - 0x00007ff80cf2e000 	C:\WINDOWS\SYSTEM32\POWRPROF.dll
0x00007ff804380000 - 0x00007ff8043b6000 	C:\WINDOWS\SYSTEM32\WINMM.dll
0x00007ffff1d80000 - 0x00007ffff1d8b000 	C:\WINDOWS\SYSTEM32\VERSION.dll
0x00007ff80ceb0000 - 0x00007ff80cec4000 	C:\WINDOWS\SYSTEM32\UMPDC.dll
0x00007ff80be00000 - 0x00007ff80be1b000 	C:\WINDOWS\SYSTEM32\kernel.appcore.dll
0x00007ffff16e0000 - 0x00007ffff16ea000 	c:\Users\trami\.vscode\extensions\redhat.java-1.54.0-win32-x64\jre\21.0.10-win32-x86_64\bin\jimage.dll
0x00007ff80b090000 - 0x00007ff80b2d2000 	C:\WINDOWS\SYSTEM32\DBGHELP.DLL
0x00007ff80fef0000 - 0x00007ff810273000 	C:\WINDOWS\System32\combase.dll
0x00007ff80e660000 - 0x00007ff80e739000 	C:\WINDOWS\System32\OLEAUT32.dll
0x00007fffec940000 - 0x00007fffec97b000 	C:\WINDOWS\SYSTEM32\dbgcore.DLL
0x00007ff80daa0000 - 0x00007ff80db48000 	C:\WINDOWS\System32\bcryptPrimitives.dll
0x00007fffeb420000 - 0x00007fffeb42f000 	c:\Users\trami\.vscode\extensions\redhat.java-1.54.0-win32-x64\jre\21.0.10-win32-x86_64\bin\instrument.dll
0x00007fffe3ae0000 - 0x00007fffe3b00000 	c:\Users\trami\.vscode\extensions\redhat.java-1.54.0-win32-x64\jre\21.0.10-win32-x86_64\bin\java.dll
0x00007ff80f340000 - 0x00007ff80faae000 	C:\WINDOWS\System32\SHELL32.dll
0x00007ff80d070000 - 0x00007ff80d8dc000 	C:\WINDOWS\System32\windows.storage.dll
0x00007ff80ee00000 - 0x00007ff80eef6000 	C:\WINDOWS\System32\SHCORE.dll
0x00007ff810310000 - 0x00007ff810376000 	C:\WINDOWS\System32\shlwapi.dll
0x00007ff80cf90000 - 0x00007ff80cfb9000 	C:\WINDOWS\SYSTEM32\profapi.dll
0x00007fffe2220000 - 0x00007fffe2238000 	c:\Users\trami\.vscode\extensions\redhat.java-1.54.0-win32-x64\jre\21.0.10-win32-x86_64\bin\zip.dll
0x00007fffe92c0000 - 0x00007fffe92d0000 	C:\Users\trami\.vscode\extensions\redhat.java-1.54.0-win32-x64\jre\21.0.10-win32-x86_64\bin\net.dll
0x00007ff802db0000 - 0x00007ff802ed9000 	C:\WINDOWS\SYSTEM32\WINHTTP.dll
0x00007ff80c370000 - 0x00007ff80c3dc000 	C:\WINDOWS\system32\mswsock.dll
0x00007fffe00e0000 - 0x00007fffe00f6000 	C:\Users\trami\.vscode\extensions\redhat.java-1.54.0-win32-x64\jre\21.0.10-win32-x86_64\bin\nio.dll
0x00007fffe9240000 - 0x00007fffe9250000 	c:\Users\trami\.vscode\extensions\redhat.java-1.54.0-win32-x64\jre\21.0.10-win32-x86_64\bin\verify.dll
0x00007fffdbfa0000 - 0x00007fffdbfe5000 	C:\Users\trami\AppData\Roaming\Code\User\globalStorage\redhat.java\1.54.0\config_win\org.eclipse.equinox.launcher\org.eclipse.equinox.launcher.win32.win32.x86_64_1.3.0.v20260203-2149\eclipse_11919.dll
0x00007ff80fac0000 - 0x00007ff80fc57000 	C:\WINDOWS\System32\ole32.dll
0x00007ff80c650000 - 0x00007ff80c66b000 	C:\WINDOWS\SYSTEM32\CRYPTSP.dll
0x00007ff80bd60000 - 0x00007ff80bd99000 	C:\WINDOWS\system32\rsaenh.dll
0x00007ff80c420000 - 0x00007ff80c453000 	C:\WINDOWS\SYSTEM32\USERENV.dll
0x00007ff80cf60000 - 0x00007ff80cf8a000 	C:\WINDOWS\SYSTEM32\bcrypt.dll
0x00007ff80c670000 - 0x00007ff80c67c000 	C:\WINDOWS\SYSTEM32\CRYPTBASE.dll
0x00007ff80b8a0000 - 0x00007ff80b8d2000 	C:\WINDOWS\SYSTEM32\IPHLPAPI.DLL
0x00007ff80edf0000 - 0x00007ff80edfa000 	C:\WINDOWS\System32\NSI.dll
0x00007fffaed30000 - 0x00007fffaed79000 	C:\Users\trami\AppData\Local\Temp\jna-110621311\jna12933631773010150692.dll
0x00007ff80fe80000 - 0x00007ff80fe88000 	C:\WINDOWS\System32\PSAPI.DLL
0x00007ff805ce0000 - 0x00007ff805cfd000 	C:\WINDOWS\SYSTEM32\dhcpcsvc6.DLL
0x00007ff805c40000 - 0x00007ff805c65000 	C:\WINDOWS\SYSTEM32\dhcpcsvc.DLL

JVMTI agents:
c:\Users\trami\.vscode\extensions\redhat.java-1.54.0-win32-x64\lombok\lombok-1.18.39-4050.jar path:c:\Users\trami\.vscode\extensions\redhat.java-1.54.0-win32-x64\jre\21.0.10-win32-x86_64\bin\instrument.dll, loaded, initialized, instrumentlib options:none

dbghelp: loaded successfully - version: 4.0.5 - missing functions: none
symbol engine: initialized successfully - sym options: 0x614 - pdb path: .;c:\Users\trami\.vscode\extensions\redhat.java-1.54.0-win32-x64\jre\21.0.10-win32-x86_64\bin;C:\WINDOWS\SYSTEM32;C:\WINDOWS\WinSxS\amd64_microsoft.windows.common-controls_6595b64144ccf1df_6.0.26100.8457_none_3e0b2faee331e92d;c:\Users\trami\.vscode\extensions\redhat.java-1.54.0-win32-x64\jre\21.0.10-win32-x86_64\bin\server;C:\Users\trami\AppData\Roaming\Code\User\globalStorage\redhat.java\1.54.0\config_win\org.eclipse.equinox.launcher\org.eclipse.equinox.launcher.win32.win32.x86_64_1.3.0.v20260203-2149;C:\Users\trami\AppData\Local\Temp\jna-110621311

VM Arguments:
jvm_args: --add-modules=ALL-SYSTEM --add-opens=java.base/java.util=ALL-UNNAMED --add-opens=java.base/java.lang=ALL-UNNAMED --add-opens=java.base/sun.nio.fs=ALL-UNNAMED -Declipse.application=org.eclipse.jdt.ls.core.id1 -Dosgi.bundles.defaultStartLevel=4 -Declipse.product=org.eclipse.jdt.ls.core.product -Djava.import.generatesMetadataFilesAtProjectRoot=false -DDetectVMInstallationsJob.disabled=true -Dfile.encoding=utf8 -XX:+UseParallelGC -XX:GCTimeRatio=4 -XX:AdaptiveSizePolicyWeight=90 -Dsun.zip.disableMemoryMapping=true -Xmx2G -Xms100m -Xlog:disable -javaagent:c:\Users\trami\.vscode\extensions\redhat.java-1.54.0-win32-x64\lombok\lombok-1.18.39-4050.jar -XX:+HeapDumpOnOutOfMemoryError -XX:HeapDumpPath=c:\Users\trami\AppData\Roaming\Code\User\workspaceStorage\c66ff762d51978c026e4f0719f5d9df8\redhat.java -Daether.dependencyCollector.impl=bf 
java_command: c:\Users\trami\.vscode\extensions\redhat.java-1.54.0-win32-x64\server\plugins\org.eclipse.equinox.launcher_1.7.100.v20251111-0406.jar -configuration c:\Users\trami\AppData\Roaming\Code\User\globalStorage\redhat.java\1.54.0\config_win -data c:\Users\trami\AppData\Roaming\Code\User\workspaceStorage\c66ff762d51978c026e4f0719f5d9df8\redhat.java\jdt_ws --pipe=\\.\pipe\lsp-89b03b161c4d49b4435c47e927095d9b-sock
java_class_path (initial): c:\Users\trami\.vscode\extensions\redhat.java-1.54.0-win32-x64\server\plugins\org.eclipse.equinox.launcher_1.7.100.v20251111-0406.jar
Launcher Type: SUN_STANDARD

[Global flags]
    uintx AdaptiveSizePolicyWeight                 = 90                                        {product} {command line}
     intx CICompilerCount                          = 4                                         {product} {ergonomic}
    uintx GCTimeRatio                              = 4                                         {product} {command line}
     bool HeapDumpOnOutOfMemoryError               = true                                   {manageable} {command line}
    ccstr HeapDumpPath                             = c:\Users\trami\AppData\Roaming\Code\User\workspaceStorage\c66ff762d51978c026e4f0719f5d9df8\redhat.java         {manageable} {command line}
   size_t InitialHeapSize                          = 104857600                                 {product} {command line}
   size_t MaxHeapSize                              = 2147483648                                {product} {command line}
   size_t MaxNewSize                               = 715653120                                 {product} {ergonomic}
   size_t MinHeapDeltaBytes                        = 524288                                    {product} {ergonomic}
   size_t MinHeapSize                              = 104857600                                 {product} {command line}
   size_t NewSize                                  = 34603008                                  {product} {ergonomic}
    uintx NonNMethodCodeHeapSize                   = 5839372                                {pd product} {ergonomic}
    uintx NonProfiledCodeHeapSize                  = 122909434                              {pd product} {ergonomic}
   size_t OldSize                                  = 70254592                                  {product} {ergonomic}
    uintx ProfiledCodeHeapSize                     = 122909434                              {pd product} {ergonomic}
    uintx ReservedCodeCacheSize                    = 251658240                              {pd product} {ergonomic}
     bool SegmentedCodeCache                       = true                                      {product} {ergonomic}
   size_t SoftMaxHeapSize                          = 2147483648                             {manageable} {ergonomic}
     bool UseCompressedOops                        = true                           {product lp64_product} {ergonomic}
     bool UseLargePagesIndividualAllocation        = false                                  {pd product} {ergonomic}
     bool UseParallelGC                            = true                                      {product} {command line}

Logging:
Log output configuration:
 #0: stdout all=off uptime,level,tags foldmultilines=false
 #1: stderr all=off uptime,level,tags foldmultilines=false

Release file:
JAVA_VERSION="21.0.10" 
MODULES="java.base java.compiler java.datatransfer java.xml java.prefs java.desktop java.instrument java.logging java.management java.security.sasl java.naming java.rmi java.management.rmi java.net.http java.scripting java.security.jgss java.transaction.xa java.sql java.sql.rowset java.xml.crypto java.se java.smartcardio jdk.accessibility jdk.internal.jvmstat jdk.attach jdk.charsets jdk.internal.opt jdk.zipfs jdk.compiler jdk.crypto.ec jdk.crypto.cryptoki jdk.crypto.mscapi jdk.dynalink jdk.internal.ed jdk.editpad jdk.hotspot.agent jdk.httpserver jdk.internal.le jdk.internal.vm.ci jdk.internal.vm.compiler jdk.internal.vm.compiler.management jdk.jartool jdk.javadoc jdk.jcmd jdk.management jdk.management.agent jdk.jconsole jdk.jdeps jdk.jdwp.agent jdk.jdi jdk.jfr jdk.jshell jdk.jsobject jdk.jstatd jdk.localedata jdk.management.jfr jdk.naming.dns jdk.naming.rmi jdk.net jdk.nio.mapmode jdk.random jdk.sctp jdk.security.auth jdk.security.jgss jdk.unsupported jdk.unsupported.desktop jdk.xml.dom" 

Environment Variables:
JAVA_HOME=C:\Program Files\Java\jdk-21
PATH=C:\Program Files\Eclipse Adoptium\jdk-17.0.18.8-hotspot\bin;C:\Program Files\Common Files\Oracle\Java\javapath;C:\Program Files (x86)\Common Files\Oracle\Java\java8path;C:\Program Files (x86)\Common Files\Oracle\Java\javapath;C:\WINDOWS\system32;C:\WINDOWS;C:\WINDOWS\System32\Wbem;C:\WINDOWS\System32\WindowsPowerShell\v1.0\;C:\WINDOWS\System32\OpenSSH\;C:\Program Files\apache-maven-3.9.15\bin;C:\Program Files\Git\cmd;C:\Program Files\nodejs\;;C:\Program Files\Docker\Docker\resources\bin;C:\Users\trami\AppData\Local\Microsoft\WindowsApps;C:\Program Files\JetBrains\IntelliJ IDEA 2024.1.4\bin;;C:\Users\trami\AppData\Local\Programs\Microsoft VS Code\bin;C:\Users\trami\AppData\Local\Programs\Windsurf\bin;C:\Users\trami\AppData\Local\GitHubDesktop\bin;C:\Users\trami\AppData\Roaming\npm;C:\Program Files\nodejs;
USERNAME=trami
OS=Windows_NT
PROCESSOR_IDENTIFIER=Intel64 Family 6 Model 190 Stepping 0, GenuineIntel
TMP=C:\Users\trami\AppData\Local\Temp
TEMP=C:\Users\trami\AppData\Local\Temp




Periodic native trim disabled

---------------  S Y S T E M  ---------------

OS:
 Windows 11 , 64 bit Build 26100 (10.0.26100.8328)
OS uptime: 0 days 12:20 hours
Hyper-V role detected

CPU: total 8 (initial active 8) (8 cores per cpu, 1 threads per core) family 6 model 190 stepping 0 microcode 0xe, cx8, cmov, fxsr, mmx, 3dnowpref, sse, sse2, sse3, ssse3, sse4.1, sse4.2, popcnt, lzcnt, tsc, tscinvbit, avx, avx2, aes, erms, clmul, bmi1, bmi2, adx, sha, fma, vzeroupper, clflush, clflushopt, clwb, hv, serialize, rdtscp, rdpid, fsrm, f16c, cet_ibt, cet_ss
Processor Information for processor 0
  Max Mhz: 1800, Current Mhz: 1800, Mhz Limit: 1800
Processor Information for processor 1
  Max Mhz: 1800, Current Mhz: 1800, Mhz Limit: 1800
Processor Information for processor 2
  Max Mhz: 1800, Current Mhz: 1800, Mhz Limit: 1800
Processor Information for processor 3
  Max Mhz: 1800, Current Mhz: 1500, Mhz Limit: 1800
Processor Information for processor 4
  Max Mhz: 1800, Current Mhz: 1800, Mhz Limit: 1800
Processor Information for processor 5
  Max Mhz: 1800, Current Mhz: 1800, Mhz Limit: 1800
Processor Information for processor 6
  Max Mhz: 1800, Current Mhz: 1800, Mhz Limit: 1800
Processor Information for processor 7
  Max Mhz: 1800, Current Mhz: 1500, Mhz Limit: 1800

Memory: 4k page, system-wide physical 7865M (189M free)
TotalPageFile size 32441M (AvailPageFile size 3M)
current process WorkingSet (physical memory assigned to process): 209M, peak: 255M
current process commit charge ("private bytes"): 412M, peak: 412M

vm_info: OpenJDK 64-Bit Server VM (21.0.10+7-LTS) for windows-amd64 JRE (21.0.10+7-LTS), built on 2026-01-20T00:00:00Z by "admin" with MS VC++ 17.12 (VS2022)

END.
