#
# There is insufficient memory for the Java Runtime Environment to continue.
# Native memory allocation (malloc) failed to allocate 1048576 bytes. Error detail: AllocateHeap
# Possible reasons:
#   The system is out of physical RAM or swap space
#   This process is running with CompressedOops enabled, and the Java Heap may be blocking the growth of the native heap
# Possible solutions:
#   Reduce memory load on the system
#   Increase physical memory or swap space
#   Check if swap backing store is full
#   Decrease Java heap size (-Xmx/-Xms)
#   Decrease number of Java threads
#   Decrease Java thread stack sizes (-Xss)
#   Set larger code cache with -XX:ReservedCodeCacheSize=
#   JVM is running with Unscaled Compressed Oops mode in which the Java heap is
#     placed in the first 4GB address space. The Java Heap base address is the
#     maximum limit for the native heap growth. Please use -XX:HeapBaseMinAddress
#     to set the Java Heap base and to place the Java Heap above 4GB virtual address.
# This output file may be truncated or incomplete.
#
#  Out of Memory Error (allocation.cpp:44), pid=5972, tid=19928
#
# JRE version: OpenJDK Runtime Environment Temurin-21.0.10+7 (21.0.10+7) (build 21.0.10+7-LTS)
# Java VM: OpenJDK 64-Bit Server VM Temurin-21.0.10+7 (21.0.10+7-LTS, mixed mode, sharing, tiered, compressed oops, compressed class ptrs, parallel gc, windows-amd64)
# No core dump will be written. Minidumps are not enabled by default on client versions of Windows
#

---------------  S U M M A R Y ------------

Command Line: --add-modules=ALL-SYSTEM --add-opens=java.base/java.util=ALL-UNNAMED --add-opens=java.base/java.lang=ALL-UNNAMED --add-opens=java.base/sun.nio.fs=ALL-UNNAMED -Declipse.application=org.eclipse.jdt.ls.core.id1 -Dosgi.bundles.defaultStartLevel=4 -Declipse.product=org.eclipse.jdt.ls.core.product -Djava.import.generatesMetadataFilesAtProjectRoot=false -DDetectVMInstallationsJob.disabled=true -Dfile.encoding=utf8 -XX:+UseParallelGC -XX:GCTimeRatio=4 -XX:AdaptiveSizePolicyWeight=90 -Dsun.zip.disableMemoryMapping=true -Xmx2G -Xms100m -Xlog:disable -javaagent:c:\Users\trami\.vscode\extensions\redhat.java-1.54.0-win32-x64\lombok\lombok-1.18.39-4050.jar -XX:+HeapDumpOnOutOfMemoryError -XX:HeapDumpPath=c:\Users\trami\AppData\Roaming\Code\User\workspaceStorage\c66ff762d51978c026e4f0719f5d9df8\redhat.java -Daether.dependencyCollector.impl=bf c:\Users\trami\.vscode\extensions\redhat.java-1.54.0-win32-x64\server\plugins\org.eclipse.equinox.launcher_1.7.100.v20251111-0406.jar -configuration c:\Users\trami\AppData\Roaming\Code\User\globalStorage\redhat.java\1.54.0\config_win -data c:\Users\trami\AppData\Roaming\Code\User\workspaceStorage\c66ff762d51978c026e4f0719f5d9df8\redhat.java\jdt_ws --pipe=\\.\pipe\lsp-20b009bce85460de432260f0d0e8e280-sock

Host: Intel(R) Core(TM) i3-N305, 8 cores, 7G,  Windows 11 , 64 bit Build 26100 (10.0.26100.8328)
Time: Thu May 28 21:43:43 2026 Hora est. Sudamérica Pacífico elapsed time: 42128.853760 seconds (0d 11h 42m 8s)

---------------  T H R E A D  ---------------

Current thread (0x000001a44e08d970):  JavaThread "Attach Listener" daemon [_thread_in_vm, id=19928, stack(0x0000008a67d00000,0x0000008a67e00000) (1024K)]

Stack: [0x0000008a67d00000,0x0000008a67e00000]
Native frames: (J=compiled Java code, j=interpreted, Vv=VM code, C=native code)
V  [jvm.dll+0x6d7a39]
V  [jvm.dll+0x8b4b26]
V  [jvm.dll+0x8b70de]
V  [jvm.dll+0x8b77c3]
V  [jvm.dll+0x284346]
V  [jvm.dll+0xc1277]
V  [jvm.dll+0x6d82e9]
V  [jvm.dll+0x1334a6]
V  [jvm.dll+0x3f857e]
V  [jvm.dll+0x85f59d]
V  [jvm.dll+0x6d626d]
C  [ucrtbase.dll+0x37b0]
C  [KERNEL32.DLL+0x2e957]
C  [ntdll.dll+0x427c]


---------------  P R O C E S S  ---------------

Threads class SMR info:
_java_thread_list=0x000001a4708f82a0, length=41, elements={
0x000001a44dfd4080, 0x000001a44e088400, 0x000001a44e08a1d0, 0x000001a44e08cb60,
0x000001a44e08d970, 0x000001a44e08e3d0, 0x000001a466737e70, 0x000001a46673b470,
0x000001a46676e340, 0x000001a4682dc7f0, 0x000001a4683f5a20, 0x000001a4689de830,
0x000001a468a41160, 0x000001a468b34fb0, 0x000001a468b37760, 0x000001a46d043b00,
0x000001a46d4e8af0, 0x000001a46d2727d0, 0x000001a46d4aed40, 0x000001a46d4ac5e0,
0x000001a46d4afa60, 0x000001a46d4acc70, 0x000001a46e7b2df0, 0x000001a46e7b1a40,
0x000001a46e7b3480, 0x000001a46e7b0000, 0x000001a46e7b0d20, 0x000001a46e7b3b10,
0x000001a46e7b0690, 0x000001a46e7b41a0, 0x000001a46e7b20d0, 0x000001a46e7b2760,
0x000001a46d703f30, 0x000001a46d701e60, 0x000001a46d7024f0, 0x000001a46d702b80,
0x000001a46e7b7620, 0x000001a46ec04080, 0x000001a470ad90e0, 0x000001a47aabe6b0,
0x000001a46ec02640
}

Java Threads: ( => current thread )
  0x000001a44dfd4080 JavaThread "main"                              [_thread_blocked, id=26104, stack(0x0000008a67600000,0x0000008a67700000) (1024K)]
  0x000001a44e088400 JavaThread "Reference Handler"          daemon [_thread_blocked, id=616, stack(0x0000008a67a00000,0x0000008a67b00000) (1024K)]
  0x000001a44e08a1d0 JavaThread "Finalizer"                  daemon [_thread_blocked, id=24664, stack(0x0000008a67b00000,0x0000008a67c00000) (1024K)]
  0x000001a44e08cb60 JavaThread "Signal Dispatcher"          daemon [_thread_blocked, id=21576, stack(0x0000008a67c00000,0x0000008a67d00000) (1024K)]
=>0x000001a44e08d970 JavaThread "Attach Listener"            daemon [_thread_in_vm, id=19928, stack(0x0000008a67d00000,0x0000008a67e00000) (1024K)]
  0x000001a44e08e3d0 JavaThread "Service Thread"             daemon [_thread_blocked, id=26412, stack(0x0000008a67e00000,0x0000008a67f00000) (1024K)]
  0x000001a466737e70 JavaThread "Monitor Deflation Thread"   daemon [_thread_blocked, id=21752, stack(0x0000008a67f00000,0x0000008a68000000) (1024K)]
  0x000001a46673b470 JavaThread "C2 CompilerThread0"         daemon [_thread_blocked, id=25944, stack(0x0000008a68000000,0x0000008a68100000) (1024K)]
  0x000001a46676e340 JavaThread "C1 CompilerThread0"         daemon [_thread_blocked, id=23688, stack(0x0000008a68100000,0x0000008a68200000) (1024K)]
  0x000001a4682dc7f0 JavaThread "Common-Cleaner"             daemon [_thread_blocked, id=24012, stack(0x0000008a68300000,0x0000008a68400000) (1024K)]
  0x000001a4683f5a20 JavaThread "Notification Thread"        daemon [_thread_blocked, id=25160, stack(0x0000008a68200000,0x0000008a68300000) (1024K)]
  0x000001a4689de830 JavaThread "Active Thread: Equinox Container: 25beaebd-481c-4c95-bf85-7e32b6ee31af"        [_thread_blocked, id=8676, stack(0x0000008a68b00000,0x0000008a68c00000) (1024K)]
  0x000001a468a41160 JavaThread "Refresh Thread: Equinox Container: 25beaebd-481c-4c95-bf85-7e32b6ee31af" daemon [_thread_blocked, id=10724, stack(0x0000008a68d00000,0x0000008a68e00000) (1024K)]
  0x000001a468b34fb0 JavaThread "Framework Event Dispatcher: Equinox Container: 25beaebd-481c-4c95-bf85-7e32b6ee31af" daemon [_thread_blocked, id=21644, stack(0x0000008a68400000,0x0000008a68500000) (1024K)]
  0x000001a468b37760 JavaThread "Start Level: Equinox Container: 25beaebd-481c-4c95-bf85-7e32b6ee31af" daemon [_thread_blocked, id=4664, stack(0x0000008a68e00000,0x0000008a68f00000) (1024K)]
  0x000001a46d043b00 JavaThread "Bundle File Closer"         daemon [_thread_blocked, id=8476, stack(0x0000008a69100000,0x0000008a69200000) (1024K)]
  0x000001a46d4e8af0 JavaThread "SCR Component Actor"        daemon [_thread_blocked, id=10944, stack(0x0000008a68f00000,0x0000008a69000000) (1024K)]
  0x000001a46d2727d0 JavaThread "Worker-JM"                         [_thread_blocked, id=18176, stack(0x0000008a69300000,0x0000008a69400000) (1024K)]
  0x000001a46d4aed40 JavaThread "JNA Cleaner"                daemon [_thread_blocked, id=15460, stack(0x0000008a69000000,0x0000008a69100000) (1024K)]
  0x000001a46d4ac5e0 JavaThread "Java indexing"              daemon [_thread_blocked, id=12008, stack(0x0000008a69600000,0x0000008a69700000) (1024K)]
  0x000001a46d4afa60 JavaThread "Thread-1"                   daemon [_thread_in_native, id=21496, stack(0x0000008a69d00000,0x0000008a69e00000) (1024K)]
  0x000001a46d4acc70 JavaThread "Thread-2"                   daemon [_thread_in_native, id=19500, stack(0x0000008a69e00000,0x0000008a69f00000) (1024K)]
  0x000001a46e7b2df0 JavaThread "Thread-3"                   daemon [_thread_in_native, id=13608, stack(0x0000008a69f00000,0x0000008a6a000000) (1024K)]
  0x000001a46e7b1a40 JavaThread "Thread-4"                   daemon [_thread_in_native, id=18588, stack(0x0000008a6a000000,0x0000008a6a100000) (1024K)]
  0x000001a46e7b3480 JavaThread "Thread-5"                   daemon [_thread_in_native, id=5840, stack(0x0000008a6a100000,0x0000008a6a200000) (1024K)]
  0x000001a46e7b0000 JavaThread "Thread-6"                   daemon [_thread_in_native, id=6332, stack(0x0000008a6a200000,0x0000008a6a300000) (1024K)]
  0x000001a46e7b0d20 JavaThread "Thread-7"                   daemon [_thread_in_native, id=25456, stack(0x0000008a6a300000,0x0000008a6a400000) (1024K)]
  0x000001a46e7b3b10 JavaThread "Thread-8"                   daemon [_thread_in_native, id=14768, stack(0x0000008a6a400000,0x0000008a6a500000) (1024K)]
  0x000001a46e7b0690 JavaThread "Thread-9"                   daemon [_thread_in_native, id=24656, stack(0x0000008a6a500000,0x0000008a6a600000) (1024K)]
  0x000001a46e7b41a0 JavaThread "pool-2-thread-1"                   [_thread_blocked, id=26180, stack(0x0000008a6a600000,0x0000008a6a700000) (1024K)]
  0x000001a46e7b20d0 JavaThread "WorkspaceEventsHandler"            [_thread_blocked, id=13656, stack(0x0000008a6a700000,0x0000008a6a800000) (1024K)]
  0x000001a46e7b2760 JavaThread "pool-1-thread-1"                   [_thread_blocked, id=2172, stack(0x0000008a6a800000,0x0000008a6a900000) (1024K)]
  0x000001a46d703f30 JavaThread "Cleaner-0"                  daemon [_thread_blocked, id=5084, stack(0x0000008a6a900000,0x0000008a6aa00000) (1024K)]
  0x000001a46d701e60 JavaThread "Java Debug Server"          daemon [_thread_in_native, id=18820, stack(0x0000008a6aa00000,0x0000008a6ab00000) (1024K)]
  0x000001a46d7024f0 JavaThread "RxSchedulerPurge-1"         daemon [_thread_blocked, id=2448, stack(0x0000008a6ac00000,0x0000008a6ad00000) (1024K)]
  0x000001a46d702b80 JavaThread "RxCachedWorkerPoolEvictor-1" daemon [_thread_blocked, id=9332, stack(0x0000008a69c00000,0x0000008a69d00000) (1024K)]
  0x000001a46e7b7620 JavaThread "pool-4-thread-3"                   [_thread_in_native, id=14316, stack(0x0000008a6b100000,0x0000008a6b200000) (1024K)]
  0x000001a46ec04080 JavaThread "process reaper (pid 29512)" daemon [_thread_in_native, id=17736, stack(0x0000008a671b0000,0x0000008a671d0000) (128K)]
  0x000001a470ad90e0 JavaThread "Worker-45"                         [_thread_blocked, id=5576, stack(0x0000008a6b500000,0x0000008a6b600000) (1024K)]
  0x000001a47aabe6b0 JavaThread "RxNewThreadScheduler-19"    daemon [_thread_blocked, id=27508, stack(0x0000008a6b000000,0x0000008a6b100000) (1024K)]
  0x000001a46ec02640 JavaThread "Worker-50"                         [_thread_blocked, id=22032, stack(0x0000008a67400000,0x0000008a67500000) (1024K)]
Total: 41

Other Threads:
  0x000001a466730be0 VMThread "VM Thread"                           [id=4604, stack(0x0000008a67900000,0x0000008a67a00000) (1024K)]
  0x000001a46664ba00 WatcherThread "VM Periodic Task Thread"        [id=15236, stack(0x0000008a67800000,0x0000008a67900000) (1024K)]
  0x000001a44dff2850 WorkerThread "GC Thread#0"                     [id=14828, stack(0x0000008a67700000,0x0000008a67800000) (1024K)]
  0x000001a4687a3750 WorkerThread "GC Thread#1"                     [id=16000, stack(0x0000008a68500000,0x0000008a68600000) (1024K)]
  0x000001a46894e4d0 WorkerThread "GC Thread#2"                     [id=21600, stack(0x0000008a68600000,0x0000008a68700000) (1024K)]
  0x000001a46894e880 WorkerThread "GC Thread#3"                     [id=15284, stack(0x0000008a68700000,0x0000008a68800000) (1024K)]
  0x000001a4688be680 WorkerThread "GC Thread#4"                     [id=20228, stack(0x0000008a68800000,0x0000008a68900000) (1024K)]
  0x000001a4688bee40 WorkerThread "GC Thread#5"                     [id=8352, stack(0x0000008a68900000,0x0000008a68a00000) (1024K)]
  0x000001a468822810 WorkerThread "GC Thread#6"                     [id=6640, stack(0x0000008a68a00000,0x0000008a68b00000) (1024K)]
  0x000001a468c3d4c0 WorkerThread "GC Thread#7"                     [id=17756, stack(0x0000008a68c00000,0x0000008a68d00000) (1024K)]
Total: 10

Threads with active compile tasks:
Total: 0

VM state: not at safepoint (normal execution)

VM Mutex/Monitor currently owned by a thread: None

Heap address: 0x0000000080000000, size: 2048 MB, Compressed Oops mode: 32-bit

CDS archive(s) mapped at: [0x000001a400000000-0x000001a400ba0000-0x000001a400ba0000), size 12189696, SharedBaseAddress: 0x000001a400000000, ArchiveRelocationMode: 1.
Compressed class space mapped at: 0x000001a401000000-0x000001a441000000, reserved size: 1073741824
Narrow klass base: 0x000001a400000000, Narrow klass shift: 0, Narrow klass range: 0x100000000

GC Precious Log:
 CardTable entry size: 512
 CPUs: 8 total, 8 available
 Memory: 7865M
 Large Page Support: Disabled
 NUMA Support: Disabled
 Compressed Oops: Enabled (32-bit)
 Alignments: Space 512K, Generation 512K, Heap 2M
 Heap Min Capacity: 100M
 Heap Initial Capacity: 100M
 Heap Max Capacity: 2G
 Pre-touch: Disabled
 Parallel Workers: 8

Heap:
 PSYoungGen      total 10240K, used 8354K [0x00000000d5580000, 0x00000000d6380000, 0x0000000100000000)
  eden space 9216K, 83% used [0x00000000d5580000,0x00000000d5d039a0,0x00000000d5e80000)
  from space 1024K, 64% used [0x00000000d6280000,0x00000000d6325200,0x00000000d6380000)
  to   space 1536K, 0% used [0x00000000d6080000,0x00000000d6080000,0x00000000d6200000)
 ParOldGen       total 676864K, used 465042K [0x0000000080000000, 0x00000000a9500000, 0x00000000d5580000)
  object space 676864K, 68% used [0x0000000080000000,0x000000009c624970,0x00000000a9500000)
 Metaspace       used 97327K, committed 99072K, reserved 1179648K
  class space    used 10053K, committed 10880K, reserved 1048576K

Card table byte_map: [0x000001a461ab0000,0x000001a461ec0000] _byte_map_base: 0x000001a4616b0000

Marking Bits: (ParMarkBitMap*) 0x00007fff518e3450
 Begin Bits: [0x000001a462170000, 0x000001a464170000)
 End Bits:   [0x000001a464170000, 0x000001a466170000)

Polling page: 0x000001a44dd20000

Metaspace:

Usage:
  Non-class:     85.23 MB used.
      Class:      9.82 MB used.
       Both:     95.05 MB used.

Virtual space:
  Non-class space:      128.00 MB reserved,      86.12 MB ( 67%) committed,  2 nodes.
      Class space:        1.00 GB reserved,      10.62 MB (  1%) committed,  1 nodes.
             Both:        1.12 GB reserved,      96.75 MB (  8%) committed. 

Chunk freelists:
   Non-Class:  9.48 MB
       Class:  5.38 MB
        Both:  14.86 MB

MaxMetaspaceSize: unlimited
CompressedClassSpaceSize: 1.00 GB
Initial GC threshold: 21.00 MB
Current GC threshold: 159.81 MB
CDS: on
 - commit_granule_bytes: 65536.
 - commit_granule_words: 8192.
 - virtual_space_node_default_size: 8388608.
 - enlarge_chunks_in_place: 1.
 - use_allocation_guard: 0.


Internal statistics:

num_allocs_failed_limit: 9.
num_arena_births: 2070.
num_arena_deaths: 584.
num_vsnodes_births: 3.
num_vsnodes_deaths: 0.
num_space_committed: 1548.
num_space_uncommitted: 0.
num_chunks_returned_to_freelist: 716.
num_chunks_taken_from_freelist: 7260.
num_chunk_merges: 194.
num_chunk_splits: 4081.
num_chunks_enlarged: 2192.
num_inconsistent_stats: 0.

CodeHeap 'non-profiled nmethods': size=120000Kb used=22062Kb max_used=22742Kb free=97937Kb
 bounds [0x000001a45a3a0000, 0x000001a45b9e0000, 0x000001a4618d0000]
CodeHeap 'profiled nmethods': size=120000Kb used=48047Kb max_used=52729Kb free=71952Kb
 bounds [0x000001a4528d0000, 0x000001a455c50000, 0x000001a459e00000]
CodeHeap 'non-nmethods': size=5760Kb used=1539Kb max_used=1622Kb free=4220Kb
 bounds [0x000001a459e00000, 0x000001a45a070000, 0x000001a45a3a0000]
CodeCache: size=245760Kb, used=71648Kb, max_used=77093Kb, free=174109Kb
 total_blobs=20719, nmethods=19855, adapters=765, full_count=0
Compilation: enabled, stopped_count=0, restarted_count=0

Compilation events (20 events):
Event: 41256.256 Thread 0x000001a46dfcc200 nmethod 24028 0x000001a45acf8210 code [0x000001a45acf83e0, 0x000001a45acf89c0]
Event: 41256.256 Thread 0x000001a46dfcc200 24029       4       org.eclipse.jdt.internal.core.SourceRefElement::<init> (7 bytes)
Event: 41256.258 Thread 0x000001a46dfcc200 nmethod 24029 0x000001a45acf7e10 code [0x000001a45acf7fa0, 0x000001a45acf80b0]
Event: 41256.258 Thread 0x000001a46dfcc200 24026  s    4       java.util.Vector::isEmpty (13 bytes)
Event: 41256.259 Thread 0x000001a46dfcc200 nmethod 24026 0x000001a45acf7a10 code [0x000001a45acf7ba0, 0x000001a45acf7d70]
Event: 41256.265 Thread 0x000001a46673b470 nmethod 24027 0x000001a45b092d90 code [0x000001a45b092fc0, 0x000001a45b0937f8]
Event: 41258.407 Thread 0x000001a46676e340 24030       3       org.eclipse.jdt.internal.corext.refactoring.code.ConstantChecks$StaticFinalConstantChecker::visit (6 bytes)
Event: 41258.408 Thread 0x000001a46676e340 nmethod 24030 0x000001a453354510 code [0x000001a4533546c0, 0x000001a4533547f8]
Event: 41258.409 Thread 0x000001a46673b470 24031       4       org.eclipse.jdt.core.dom.QualifiedName::appendName (24 bytes)
Event: 41258.447 Thread 0x000001a46673b470 nmethod 24031 0x000001a45b090390 code [0x000001a45b090720, 0x000001a45b091cc0]
Event: 41258.453 Thread 0x000001a46676e340 24032   !   3       org.eclipse.jdt.internal.corext.refactoring.structure.CompilationUnitRewrite::getASTRewrite (60 bytes)
Event: 41258.459 Thread 0x000001a46676e340 nmethod 24032 0x000001a45393c690 code [0x000001a45393c8a0, 0x000001a45393cfb0]
Event: 41258.478 Thread 0x000001a46676e340 24033       3       org.eclipse.text.edits.RangeMarker::performDocumentUpdating (10 bytes)
Event: 41258.479 Thread 0x000001a46676e340 nmethod 24033 0x000001a45337af90 code [0x000001a45337b120, 0x000001a45337b238]
Event: 41258.481 Thread 0x000001a46673b470 24034       4       org.eclipse.jdt.core.dom.Dimension::accept0 (25 bytes)
Event: 41258.490 Thread 0x000001a46673b470 nmethod 24034 0x000001a45b08ff90 code [0x000001a45b090120, 0x000001a45b090238]
Event: 41258.546 Thread 0x000001a46673b470 24035       4       org.eclipse.jdt.internal.corext.dom.ScopeAnalyzer$DefaultBindingRequestor::acceptBinding (43 bytes)
Event: 41258.547 Thread 0x000001a46676e340 24036   !   3       org.eclipse.jdt.internal.corext.refactoring.code.ConvertToRecordRefactoring::checkInitialConditions (1058 bytes)
Event: 41258.585 Thread 0x000001a46676e340 nmethod 24036 0x000001a453faf090 code [0x000001a453fafc20, 0x000001a453fb78f8]
Event: 41258.701 Thread 0x000001a46673b470 nmethod 24035 0x000001a45b089290 code [0x000001a45b089880, 0x000001a45b08d6c0]

GC Heap History (20 events):
Event: 41235.624 GC heap before
{Heap before GC invocations=1400 (full 5):
 PSYoungGen      total 14336K, used 14329K [0x00000000d5580000, 0x00000000d6880000, 0x0000000100000000)
  eden space 12800K, 100% used [0x00000000d5580000,0x00000000d6200000,0x00000000d6200000)
  from space 1536K, 99% used [0x00000000d6700000,0x00000000d687e410,0x00000000d6880000)
  to   space 2048K, 0% used [0x00000000d6480000,0x00000000d6480000,0x00000000d6680000)
 ParOldGen       total 676864K, used 453231K [0x0000000080000000, 0x00000000a9500000, 0x00000000d5580000)
  object space 676864K, 66% used [0x0000000080000000,0x000000009ba9bd38,0x00000000a9500000)
 Metaspace       used 97274K, committed 99008K, reserved 1179648K
  class space    used 10053K, committed 10880K, reserved 1048576K
}
Event: 41235.635 GC heap after
{Heap after GC invocations=1400 (full 5):
 PSYoungGen      total 14848K, used 2034K [0x00000000d5580000, 0x00000000d6b00000, 0x0000000100000000)
  eden space 12800K, 0% used [0x00000000d5580000,0x00000000d5580000,0x00000000d6200000)
  from space 2048K, 99% used [0x00000000d6480000,0x00000000d667c818,0x00000000d6680000)
  to   space 4608K, 0% used [0x00000000d6680000,0x00000000d6680000,0x00000000d6b00000)
 ParOldGen       total 676864K, used 455105K [0x0000000080000000, 0x00000000a9500000, 0x00000000d5580000)
  object space 676864K, 67% used [0x0000000080000000,0x000000009bc70628,0x00000000a9500000)
 Metaspace       used 97274K, committed 99008K, reserved 1179648K
  class space    used 10053K, committed 10880K, reserved 1048576K
}
Event: 41236.238 GC heap before
{Heap before GC invocations=1401 (full 5):
 PSYoungGen      total 14848K, used 14748K [0x00000000d5580000, 0x00000000d6b00000, 0x0000000100000000)
  eden space 12800K, 99% used [0x00000000d5580000,0x00000000d61eaa30,0x00000000d6200000)
  from space 2048K, 99% used [0x00000000d6480000,0x00000000d667c818,0x00000000d6680000)
  to   space 4608K, 0% used [0x00000000d6680000,0x00000000d6680000,0x00000000d6b00000)
 ParOldGen       total 676864K, used 455105K [0x0000000080000000, 0x00000000a9500000, 0x00000000d5580000)
  object space 676864K, 67% used [0x0000000080000000,0x000000009bc70628,0x00000000a9500000)
 Metaspace       used 97274K, committed 99008K, reserved 1179648K
  class space    used 10053K, committed 10880K, reserved 1048576K
}
Event: 41236.247 GC heap after
{Heap after GC invocations=1401 (full 5):
 PSYoungGen      total 13312K, used 448K [0x00000000d5580000, 0x00000000d6700000, 0x0000000100000000)
  eden space 12800K, 0% used [0x00000000d5580000,0x00000000d5580000,0x00000000d6200000)
  from space 512K, 87% used [0x00000000d6680000,0x00000000d66f0000,0x00000000d6700000)
  to   space 2048K, 0% used [0x00000000d6300000,0x00000000d6300000,0x00000000d6500000)
 ParOldGen       total 676864K, used 455297K [0x0000000080000000, 0x00000000a9500000, 0x00000000d5580000)
  object space 676864K, 67% used [0x0000000080000000,0x000000009bca0628,0x00000000a9500000)
 Metaspace       used 97274K, committed 99008K, reserved 1179648K
  class space    used 10053K, committed 10880K, reserved 1048576K
}
Event: 41240.256 GC heap before
{Heap before GC invocations=1402 (full 5):
 PSYoungGen      total 13312K, used 13247K [0x00000000d5580000, 0x00000000d6700000, 0x0000000100000000)
  eden space 12800K, 99% used [0x00000000d5580000,0x00000000d61ffff8,0x00000000d6200000)
  from space 512K, 87% used [0x00000000d6680000,0x00000000d66f0000,0x00000000d6700000)
  to   space 2048K, 0% used [0x00000000d6300000,0x00000000d6300000,0x00000000d6500000)
 ParOldGen       total 676864K, used 455297K [0x0000000080000000, 0x00000000a9500000, 0x00000000d5580000)
  object space 676864K, 67% used [0x0000000080000000,0x000000009bca0628,0x00000000a9500000)
 Metaspace       used 97289K, committed 99008K, reserved 1179648K
  class space    used 10053K, committed 10880K, reserved 1048576K
}
Event: 41240.263 GC heap after
{Heap after GC invocations=1402 (full 5):
 PSYoungGen      total 14848K, used 852K [0x00000000d5580000, 0x00000000d6700000, 0x0000000100000000)
  eden space 12800K, 0% used [0x00000000d5580000,0x00000000d5580000,0x00000000d6200000)
  from space 2048K, 41% used [0x00000000d6300000,0x00000000d63d5200,0x00000000d6500000)
  to   space 1024K, 0% used [0x00000000d6600000,0x00000000d6600000,0x00000000d6700000)
 ParOldGen       total 676864K, used 455603K [0x0000000080000000, 0x00000000a9500000, 0x00000000d5580000)
  object space 676864K, 67% used [0x0000000080000000,0x000000009bceccc0,0x00000000a9500000)
 Metaspace       used 97289K, committed 99008K, reserved 1179648K
  class space    used 10053K, committed 10880K, reserved 1048576K
}
Event: 41240.642 GC heap before
{Heap before GC invocations=1403 (full 5):
 PSYoungGen      total 14848K, used 13652K [0x00000000d5580000, 0x00000000d6700000, 0x0000000100000000)
  eden space 12800K, 99% used [0x00000000d5580000,0x00000000d61ffff0,0x00000000d6200000)
  from space 2048K, 41% used [0x00000000d6300000,0x00000000d63d5200,0x00000000d6500000)
  to   space 1024K, 0% used [0x00000000d6600000,0x00000000d6600000,0x00000000d6700000)
 ParOldGen       total 676864K, used 455603K [0x0000000080000000, 0x00000000a9500000, 0x00000000d5580000)
  object space 676864K, 67% used [0x0000000080000000,0x000000009bceccc0,0x00000000a9500000)
 Metaspace       used 97291K, committed 99008K, reserved 1179648K
  class space    used 10053K, committed 10880K, reserved 1048576K
}
Event: 41240.648 GC heap after
{Heap after GC invocations=1403 (full 5):
 PSYoungGen      total 13824K, used 996K [0x00000000d5580000, 0x00000000d6700000, 0x0000000100000000)
  eden space 12800K, 0% used [0x00000000d5580000,0x00000000d5580000,0x00000000d6200000)
  from space 1024K, 97% used [0x00000000d6600000,0x00000000d66f9230,0x00000000d6700000)
  to   space 2560K, 0% used [0x00000000d6200000,0x00000000d6200000,0x00000000d6480000)
 ParOldGen       total 676864K, used 456519K [0x0000000080000000, 0x00000000a9500000, 0x00000000d5580000)
  object space 676864K, 67% used [0x0000000080000000,0x000000009bdd1f00,0x00000000a9500000)
 Metaspace       used 97291K, committed 99008K, reserved 1179648K
  class space    used 10053K, committed 10880K, reserved 1048576K
}
Event: 41241.736 GC heap before
{Heap before GC invocations=1404 (full 5):
 PSYoungGen      total 13824K, used 13796K [0x00000000d5580000, 0x00000000d6700000, 0x0000000100000000)
  eden space 12800K, 100% used [0x00000000d5580000,0x00000000d6200000,0x00000000d6200000)
  from space 1024K, 97% used [0x00000000d6600000,0x00000000d66f9230,0x00000000d6700000)
  to   space 2560K, 0% used [0x00000000d6200000,0x00000000d6200000,0x00000000d6480000)
 ParOldGen       total 676864K, used 456519K [0x0000000080000000, 0x00000000a9500000, 0x00000000d5580000)
  object space 676864K, 67% used [0x0000000080000000,0x000000009bdd1f00,0x00000000a9500000)
 Metaspace       used 97291K, committed 99008K, reserved 1179648K
  class space    used 10053K, committed 10880K, reserved 1048576K
}
Event: 41241.742 GC heap after
{Heap after GC invocations=1404 (full 5):
 PSYoungGen      total 15360K, used 544K [0x00000000d5580000, 0x00000000d6680000, 0x0000000100000000)
  eden space 12800K, 0% used [0x00000000d5580000,0x00000000d5580000,0x00000000d6200000)
  from space 2560K, 21% used [0x00000000d6200000,0x00000000d6288000,0x00000000d6480000)
  to   space 1536K, 0% used [0x00000000d6500000,0x00000000d6500000,0x00000000d6680000)
 ParOldGen       total 676864K, used 457502K [0x0000000080000000, 0x00000000a9500000, 0x00000000d5580000)
  object space 676864K, 67% used [0x0000000080000000,0x000000009bec78d0,0x00000000a9500000)
 Metaspace       used 97291K, committed 99008K, reserved 1179648K
  class space    used 10053K, committed 10880K, reserved 1048576K
}
Event: 41251.928 GC heap before
{Heap before GC invocations=1405 (full 5):
 PSYoungGen      total 15360K, used 13344K [0x00000000d5580000, 0x00000000d6680000, 0x0000000100000000)
  eden space 12800K, 100% used [0x00000000d5580000,0x00000000d6200000,0x00000000d6200000)
  from space 2560K, 21% used [0x00000000d6200000,0x00000000d6288000,0x00000000d6480000)
  to   space 1536K, 0% used [0x00000000d6500000,0x00000000d6500000,0x00000000d6680000)
 ParOldGen       total 676864K, used 457502K [0x0000000080000000, 0x00000000a9500000, 0x00000000d5580000)
  object space 676864K, 67% used [0x0000000080000000,0x000000009bec78d0,0x00000000a9500000)
 Metaspace       used 97291K, committed 99008K, reserved 1179648K
  class space    used 10053K, committed 10880K, reserved 1048576K
}
Event: 41251.934 GC heap after
{Heap after GC invocations=1405 (full 5):
 PSYoungGen      total 13824K, used 756K [0x00000000d5580000, 0x00000000d6600000, 0x0000000100000000)
  eden space 12800K, 0% used [0x00000000d5580000,0x00000000d5580000,0x00000000d6200000)
  from space 1024K, 73% used [0x00000000d6500000,0x00000000d65bd200,0x00000000d6600000)
  to   space 1024K, 0% used [0x00000000d6400000,0x00000000d6400000,0x00000000d6500000)
 ParOldGen       total 676864K, used 457924K [0x0000000080000000, 0x00000000a9500000, 0x00000000d5580000)
  object space 676864K, 67% used [0x0000000080000000,0x000000009bf31050,0x00000000a9500000)
 Metaspace       used 97291K, committed 99008K, reserved 1179648K
  class space    used 10053K, committed 10880K, reserved 1048576K
}
Event: 41256.021 GC heap before
{Heap before GC invocations=1406 (full 5):
 PSYoungGen      total 13824K, used 13556K [0x00000000d5580000, 0x00000000d6600000, 0x0000000100000000)
  eden space 12800K, 100% used [0x00000000d5580000,0x00000000d6200000,0x00000000d6200000)
  from space 1024K, 73% used [0x00000000d6500000,0x00000000d65bd200,0x00000000d6600000)
  to   space 1024K, 0% used [0x00000000d6400000,0x00000000d6400000,0x00000000d6500000)
 ParOldGen       total 676864K, used 457924K [0x0000000080000000, 0x00000000a9500000, 0x00000000d5580000)
  object space 676864K, 67% used [0x0000000080000000,0x000000009bf31050,0x00000000a9500000)
 Metaspace       used 97292K, committed 99008K, reserved 1179648K
  class space    used 10053K, committed 10880K, reserved 1048576K
}
Event: 41256.028 GC heap after
{Heap after GC invocations=1406 (full 5):
 PSYoungGen      total 13824K, used 698K [0x00000000d5580000, 0x00000000d6580000, 0x0000000100000000)
  eden space 12800K, 0% used [0x00000000d5580000,0x00000000d5580000,0x00000000d6200000)
  from space 1024K, 68% used [0x00000000d6400000,0x00000000d64ae900,0x00000000d6500000)
  to   space 512K, 0% used [0x00000000d6500000,0x00000000d6500000,0x00000000d6580000)
 ParOldGen       total 676864K, used 458616K [0x0000000080000000, 0x00000000a9500000, 0x00000000d5580000)
  object space 676864K, 67% used [0x0000000080000000,0x000000009bfde270,0x00000000a9500000)
 Metaspace       used 97292K, committed 99008K, reserved 1179648K
  class space    used 10053K, committed 10880K, reserved 1048576K
}
Event: 41256.081 GC heap before
{Heap before GC invocations=1407 (full 5):
 PSYoungGen      total 13824K, used 13485K [0x00000000d5580000, 0x00000000d6580000, 0x0000000100000000)
  eden space 12800K, 99% used [0x00000000d5580000,0x00000000d61fccb0,0x00000000d6200000)
  from space 1024K, 68% used [0x00000000d6400000,0x00000000d64ae900,0x00000000d6500000)
  to   space 512K, 0% used [0x00000000d6500000,0x00000000d6500000,0x00000000d6580000)
 ParOldGen       total 676864K, used 458616K [0x0000000080000000, 0x00000000a9500000, 0x00000000d5580000)
  object space 676864K, 67% used [0x0000000080000000,0x000000009bfde270,0x00000000a9500000)
 Metaspace       used 97295K, committed 99072K, reserved 1179648K
  class space    used 10053K, committed 10880K, reserved 1048576K
}
Event: 41256.096 GC heap after
{Heap after GC invocations=1407 (full 5):
 PSYoungGen      total 9728K, used 493K [0x00000000d5580000, 0x00000000d6f00000, 0x0000000100000000)
  eden space 9216K, 0% used [0x00000000d5580000,0x00000000d5580000,0x00000000d5e80000)
  from space 512K, 96% used [0x00000000d6500000,0x00000000d657b5f0,0x00000000d6580000)
  to   space 6656K, 0% used [0x00000000d5e80000,0x00000000d5e80000,0x00000000d6500000)
 ParOldGen       total 676864K, used 463662K [0x0000000080000000, 0x00000000a9500000, 0x00000000d5580000)
  object space 676864K, 68% used [0x0000000080000000,0x000000009c4cb958,0x00000000a9500000)
 Metaspace       used 97295K, committed 99072K, reserved 1179648K
  class space    used 10053K, committed 10880K, reserved 1048576K
}
Event: 41256.175 GC heap before
{Heap before GC invocations=1408 (full 5):
 PSYoungGen      total 9728K, used 9709K [0x00000000d5580000, 0x00000000d6f00000, 0x0000000100000000)
  eden space 9216K, 100% used [0x00000000d5580000,0x00000000d5e80000,0x00000000d5e80000)
  from space 512K, 96% used [0x00000000d6500000,0x00000000d657b5f0,0x00000000d6580000)
  to   space 6656K, 0% used [0x00000000d5e80000,0x00000000d5e80000,0x00000000d6500000)
 ParOldGen       total 676864K, used 463662K [0x0000000080000000, 0x00000000a9500000, 0x00000000d5580000)
  object space 676864K, 68% used [0x0000000080000000,0x000000009c4cb958,0x00000000a9500000)
 Metaspace       used 97297K, committed 99072K, reserved 1179648K
  class space    used 10053K, committed 10880K, reserved 1048576K
}
Event: 41256.180 GC heap after
{Heap after GC invocations=1408 (full 5):
 PSYoungGen      total 11264K, used 1588K [0x00000000d5580000, 0x00000000d6580000, 0x0000000100000000)
  eden space 9216K, 0% used [0x00000000d5580000,0x00000000d5580000,0x00000000d5e80000)
  from space 2048K, 77% used [0x00000000d5e80000,0x00000000d600d200,0x00000000d6080000)
  to   space 3072K, 0% used [0x00000000d6280000,0x00000000d6280000,0x00000000d6580000)
 ParOldGen       total 676864K, used 463752K [0x0000000080000000, 0x00000000a9500000, 0x00000000d5580000)
  object space 676864K, 68% used [0x0000000080000000,0x000000009c4e2258,0x00000000a9500000)
 Metaspace       used 97297K, committed 99072K, reserved 1179648K
  class space    used 10053K, committed 10880K, reserved 1048576K
}
Event: 41256.233 GC heap before
{Heap before GC invocations=1409 (full 5):
 PSYoungGen      total 11264K, used 10804K [0x00000000d5580000, 0x00000000d6580000, 0x0000000100000000)
  eden space 9216K, 100% used [0x00000000d5580000,0x00000000d5e80000,0x00000000d5e80000)
  from space 2048K, 77% used [0x00000000d5e80000,0x00000000d600d200,0x00000000d6080000)
  to   space 3072K, 0% used [0x00000000d6280000,0x00000000d6280000,0x00000000d6580000)
 ParOldGen       total 676864K, used 463752K [0x0000000080000000, 0x00000000a9500000, 0x00000000d5580000)
  object space 676864K, 68% used [0x0000000080000000,0x000000009c4e2258,0x00000000a9500000)
 Metaspace       used 97312K, committed 99072K, reserved 1179648K
  class space    used 10053K, committed 10880K, reserved 1048576K
}
Event: 41256.238 GC heap after
{Heap after GC invocations=1409 (full 5):
 PSYoungGen      total 10240K, used 660K [0x00000000d5580000, 0x00000000d6380000, 0x0000000100000000)
  eden space 9216K, 0% used [0x00000000d5580000,0x00000000d5580000,0x00000000d5e80000)
  from space 1024K, 64% used [0x00000000d6280000,0x00000000d6325200,0x00000000d6380000)
  to   space 1536K, 0% used [0x00000000d6080000,0x00000000d6080000,0x00000000d6200000)
 ParOldGen       total 676864K, used 465042K [0x0000000080000000, 0x00000000a9500000, 0x00000000d5580000)
  object space 676864K, 68% used [0x0000000080000000,0x000000009c624970,0x00000000a9500000)
 Metaspace       used 97312K, committed 99072K, reserved 1179648K
  class space    used 10053K, committed 10880K, reserved 1048576K
}

Dll operation events (12 events):
Event: 0.026 Loaded shared library c:\Users\trami\.vscode\extensions\redhat.java-1.54.0-win32-x64\jre\21.0.10-win32-x86_64\bin\java.dll
Event: 0.158 Loaded shared library c:\Users\trami\.vscode\extensions\redhat.java-1.54.0-win32-x64\jre\21.0.10-win32-x86_64\bin\zip.dll
Event: 0.196 Loaded shared library C:\Users\trami\.vscode\extensions\redhat.java-1.54.0-win32-x64\jre\21.0.10-win32-x86_64\bin\instrument.dll
Event: 0.204 Loaded shared library C:\Users\trami\.vscode\extensions\redhat.java-1.54.0-win32-x64\jre\21.0.10-win32-x86_64\bin\net.dll
Event: 0.207 Loaded shared library C:\Users\trami\.vscode\extensions\redhat.java-1.54.0-win32-x64\jre\21.0.10-win32-x86_64\bin\nio.dll
Event: 0.211 Loaded shared library C:\Users\trami\.vscode\extensions\redhat.java-1.54.0-win32-x64\jre\21.0.10-win32-x86_64\bin\zip.dll
Event: 0.235 Loaded shared library C:\Users\trami\.vscode\extensions\redhat.java-1.54.0-win32-x64\jre\21.0.10-win32-x86_64\bin\jimage.dll
Event: 0.392 Loaded shared library c:\Users\trami\.vscode\extensions\redhat.java-1.54.0-win32-x64\jre\21.0.10-win32-x86_64\bin\verify.dll
Event: 2.586 Loaded shared library C:\Users\trami\AppData\Roaming\Code\User\globalStorage\redhat.java\1.54.0\config_win\org.eclipse.equinox.launcher\org.eclipse.equinox.launcher.win32.win32.x86_64_1.3.0.v20260203-2149\eclipse_11919.dll
Event: 6.594 Loaded shared library C:\Users\trami\AppData\Local\Temp\jna-110621311\jna12081275534167839218.dll
Event: 2584.716 Loaded shared library C:\Users\trami\.vscode\extensions\redhat.java-1.54.0-win32-x64\jre\21.0.10-win32-x86_64\bin\extnet.dll
Event: 22491.314 Loaded shared library C:\Users\trami\.vscode\extensions\redhat.java-1.54.0-win32-x64\jre\21.0.10-win32-x86_64\bin\sunmscapi.dll

Deoptimization events (20 events):
Event: 41256.211 Thread 0x000001a46ec039f0 Uncommon trap: trap_request=0xffffffc6 fr.pc=0x000001a45b5ec8cc relative=0x0000000000000bac
Event: 41256.211 Thread 0x000001a46ec039f0 Uncommon trap: reason=bimorphic_or_optimized_type_check action=maybe_recompile pc=0x000001a45b5ec8cc method=org.eclipse.jdt.internal.compiler.lookup.LookupEnvironment.convertUnresolvedBinaryToRawType(Lorg/eclipse/jdt/internal/compiler/lookup/TypeBinding;)
Event: 41256.211 Thread 0x000001a46ec039f0 DEOPT PACKING pc=0x000001a45b5ec8cc sp=0x0000008a695fd220
Event: 41256.212 Thread 0x000001a46ec039f0 DEOPT UNPACKING pc=0x000001a459e53aa2 sp=0x0000008a695fd128 mode 2
Event: 41256.212 Thread 0x000001a46ec039f0 Uncommon trap: trap_request=0xffffffc6 fr.pc=0x000001a45b5ec8cc relative=0x0000000000000bac
Event: 41256.212 Thread 0x000001a46ec039f0 Uncommon trap: reason=bimorphic_or_optimized_type_check action=maybe_recompile pc=0x000001a45b5ec8cc method=org.eclipse.jdt.internal.compiler.lookup.LookupEnvironment.convertUnresolvedBinaryToRawType(Lorg/eclipse/jdt/internal/compiler/lookup/TypeBinding;)
Event: 41256.212 Thread 0x000001a46ec039f0 DEOPT PACKING pc=0x000001a45b5ec8cc sp=0x0000008a695fd220
Event: 41256.212 Thread 0x000001a46ec039f0 DEOPT UNPACKING pc=0x000001a459e53aa2 sp=0x0000008a695fd128 mode 2
Event: 41256.212 Thread 0x000001a46ec039f0 Uncommon trap: trap_request=0xffffffc6 fr.pc=0x000001a45b5ec8cc relative=0x0000000000000bac
Event: 41256.212 Thread 0x000001a46ec039f0 Uncommon trap: reason=bimorphic_or_optimized_type_check action=maybe_recompile pc=0x000001a45b5ec8cc method=org.eclipse.jdt.internal.compiler.lookup.LookupEnvironment.convertUnresolvedBinaryToRawType(Lorg/eclipse/jdt/internal/compiler/lookup/TypeBinding;)
Event: 41256.212 Thread 0x000001a46ec039f0 DEOPT PACKING pc=0x000001a45b5ec8cc sp=0x0000008a695fd220
Event: 41256.212 Thread 0x000001a46ec039f0 DEOPT UNPACKING pc=0x000001a459e53aa2 sp=0x0000008a695fd128 mode 2
Event: 41256.212 Thread 0x000001a46ec039f0 Uncommon trap: trap_request=0xffffffc6 fr.pc=0x000001a45b5ec8cc relative=0x0000000000000bac
Event: 41256.212 Thread 0x000001a46ec039f0 Uncommon trap: reason=bimorphic_or_optimized_type_check action=maybe_recompile pc=0x000001a45b5ec8cc method=org.eclipse.jdt.internal.compiler.lookup.LookupEnvironment.convertUnresolvedBinaryToRawType(Lorg/eclipse/jdt/internal/compiler/lookup/TypeBinding;)
Event: 41256.212 Thread 0x000001a46ec039f0 DEOPT PACKING pc=0x000001a45b5ec8cc sp=0x0000008a695fd390
Event: 41256.212 Thread 0x000001a46ec039f0 DEOPT UNPACKING pc=0x000001a459e53aa2 sp=0x0000008a695fd298 mode 2
Event: 41256.213 Thread 0x000001a46ec039f0 Uncommon trap: trap_request=0xffffffc6 fr.pc=0x000001a45b5ee078 relative=0x0000000000000358
Event: 41256.213 Thread 0x000001a46ec039f0 Uncommon trap: reason=bimorphic_or_optimized_type_check action=maybe_recompile pc=0x000001a45b5ee078 method=org.eclipse.jdt.internal.compiler.lookup.LookupEnvironment.convertUnresolvedBinaryToRawType(Lorg/eclipse/jdt/internal/compiler/lookup/TypeBinding;)
Event: 41256.213 Thread 0x000001a46ec039f0 DEOPT PACKING pc=0x000001a45b5ee078 sp=0x0000008a695fd2f0
Event: 41256.213 Thread 0x000001a46ec039f0 DEOPT UNPACKING pc=0x000001a459e53aa2 sp=0x0000008a695fd290 mode 2

Classes loaded (20 events):
Event: 24416.669 Loading class sun/net/www/http/KeepAliveCache$ClientVector
Event: 24416.670 Loading class sun/net/www/http/KeepAliveCache$ClientVector done
Event: 24416.680 Loading class sun/net/www/http/KeepAliveEntry
Event: 24416.680 Loading class sun/net/www/http/KeepAliveEntry done
Event: 24522.997 Loading class java/util/LinkedList$LLSpliterator
Event: 24523.003 Loading class java/util/LinkedList$LLSpliterator done
Event: 24524.528 Loading class jdk/internal/module/IllegalAccessLogger
Event: 24524.529 Loading class jdk/internal/module/IllegalAccessLogger done
Event: 24575.898 Loading class jdk/internal/module/IllegalAccessLogger
Event: 24575.899 Loading class jdk/internal/module/IllegalAccessLogger done
Event: 24751.869 Loading class jdk/internal/module/IllegalAccessLogger
Event: 24751.870 Loading class jdk/internal/module/IllegalAccessLogger done
Event: 24850.808 Loading class java/util/stream/ReferencePipeline$15
Event: 24850.816 Loading class java/util/stream/ReferencePipeline$15 done
Event: 24850.837 Loading class java/util/stream/ReferencePipeline$15$1
Event: 24850.843 Loading class java/util/stream/ReferencePipeline$15$1 done
Event: 25004.116 Loading class jdk/internal/module/IllegalAccessLogger
Event: 25004.118 Loading class jdk/internal/module/IllegalAccessLogger done
Event: 25129.163 Loading class jdk/internal/module/IllegalAccessLogger
Event: 25129.164 Loading class jdk/internal/module/IllegalAccessLogger done

Classes unloaded (20 events):
Event: 24521.219 Thread 0x000001a466730be0 Unloading class 0x000001a401748c00 'java/lang/invoke/LambdaForm$MH+0x000001a401748c00'
Event: 24521.219 Thread 0x000001a466730be0 Unloading class 0x000001a40174a800 'java/lang/invoke/LambdaForm$MH+0x000001a40174a800'
Event: 24521.220 Thread 0x000001a466730be0 Unloading class 0x000001a401750800 'java/lang/invoke/LambdaForm$MH+0x000001a401750800'
Event: 24521.220 Thread 0x000001a466730be0 Unloading class 0x000001a401818400 'java/lang/invoke/LambdaForm$MH+0x000001a401818400'
Event: 24521.220 Thread 0x000001a466730be0 Unloading class 0x000001a401819400 'java/lang/invoke/LambdaForm$MH+0x000001a401819400'
Event: 24521.220 Thread 0x000001a466730be0 Unloading class 0x000001a40181c000 'java/lang/invoke/LambdaForm$MH+0x000001a40181c000'
Event: 24521.220 Thread 0x000001a466730be0 Unloading class 0x000001a40181dc00 'java/lang/invoke/LambdaForm$MH+0x000001a40181dc00'
Event: 24521.220 Thread 0x000001a466730be0 Unloading class 0x000001a401824000 'java/lang/invoke/LambdaForm$MH+0x000001a401824000'
Event: 24521.220 Thread 0x000001a466730be0 Unloading class 0x000001a401824800 'java/lang/invoke/LambdaForm$MH+0x000001a401824800'
Event: 24521.220 Thread 0x000001a466730be0 Unloading class 0x000001a401825800 'java/lang/invoke/LambdaForm$MH+0x000001a401825800'
Event: 24521.220 Thread 0x000001a466730be0 Unloading class 0x000001a40164c400 'java/lang/invoke/LambdaForm$MH+0x000001a40164c400'
Event: 24521.220 Thread 0x000001a466730be0 Unloading class 0x000001a40164c000 'java/lang/invoke/LambdaForm$MH+0x000001a40164c000'
Event: 24521.220 Thread 0x000001a466730be0 Unloading class 0x000001a401641800 'java/lang/invoke/LambdaForm$MH+0x000001a401641800'
Event: 24521.220 Thread 0x000001a466730be0 Unloading class 0x000001a4014a4800 'java/lang/invoke/LambdaForm$MH+0x000001a4014a4800'
Event: 24521.220 Thread 0x000001a466730be0 Unloading class 0x000001a4012a8800 'java/lang/invoke/LambdaForm$MH+0x000001a4012a8800'
Event: 24521.221 Thread 0x000001a466730be0 Unloading class 0x000001a401019400 'java/lang/invoke/LambdaForm$MH+0x000001a401019400'
Event: 24521.221 Thread 0x000001a466730be0 Unloading class 0x000001a401018400 'java/lang/invoke/LambdaForm$MH+0x000001a401018400'
Event: 24521.221 Thread 0x000001a466730be0 Unloading class 0x000001a401018000 'java/lang/invoke/LambdaForm$MH+0x000001a401018000'
Event: 24521.221 Thread 0x000001a466730be0 Unloading class 0x000001a401017400 'java/lang/invoke/LambdaForm$MH+0x000001a401017400'
Event: 24521.221 Thread 0x000001a466730be0 Unloading class 0x000001a401016400 'java/lang/invoke/LambdaForm$MH+0x000001a401016400'

Classes redefined (0 events):
No events

Internal exceptions (20 events):
Event: 25010.284 Thread 0x000001a46e7b13b0 Exception <a 'sun/nio/fs/WindowsException'{0x00000000d5ce85e8}> (0x00000000d5ce85e8) 
thrown [s\src\hotspot\share\prims\jni.cpp, line 520]
Event: 25010.284 Thread 0x000001a46e7b13b0 Exception <a 'sun/nio/fs/WindowsException'{0x00000000d5ce8f60}> (0x00000000d5ce8f60) 
thrown [s\src\hotspot\share\prims\jni.cpp, line 520]
Event: 25010.288 Thread 0x000001a46e7b13b0 Exception <a 'sun/nio/fs/WindowsException'{0x00000000d5d0cef0}> (0x00000000d5d0cef0) 
thrown [s\src\hotspot\share\prims\jni.cpp, line 520]
Event: 25010.288 Thread 0x000001a46e7b13b0 Exception <a 'sun/nio/fs/WindowsException'{0x00000000d5d0db30}> (0x00000000d5d0db30) 
thrown [s\src\hotspot\share\prims\jni.cpp, line 520]
Event: 25010.630 Thread 0x000001a470ad9770 Exception <a 'sun/nio/fs/WindowsException'{0x00000000d6134978}> (0x00000000d6134978) 
thrown [s\src\hotspot\share\prims\jni.cpp, line 520]
Event: 25010.630 Thread 0x000001a470ad9770 Exception <a 'sun/nio/fs/WindowsException'{0x00000000d6134fe8}> (0x00000000d6134fe8) 
thrown [s\src\hotspot\share\prims\jni.cpp, line 520]
Event: 25128.963 Thread 0x000001a46d4ac5e0 Exception <a 'sun/nio/fs/WindowsException'{0x00000000d5efe600}> (0x00000000d5efe600) 
thrown [s\src\hotspot\share\prims\jni.cpp, line 520]
Event: 25129.222 Thread 0x000001a46d4ac5e0 Exception <a 'sun/nio/fs/WindowsException'{0x00000000d5a10148}> (0x00000000d5a10148) 
thrown [s\src\hotspot\share\prims\jni.cpp, line 520]
Event: 25137.751 Thread 0x000001a470adb1b0 Exception <a 'sun/nio/fs/WindowsException'{0x00000000d5d20a28}> (0x00000000d5d20a28) 
thrown [s\src\hotspot\share\prims\jni.cpp, line 520]
Event: 25137.752 Thread 0x000001a470adb1b0 Exception <a 'sun/nio/fs/WindowsException'{0x00000000d5d213d8}> (0x00000000d5d213d8) 
thrown [s\src\hotspot\share\prims\jni.cpp, line 520]
Event: 25137.754 Thread 0x000001a470adb1b0 Exception <a 'sun/nio/fs/WindowsException'{0x00000000d5d22398}> (0x00000000d5d22398) 
thrown [s\src\hotspot\share\prims\jni.cpp, line 520]
Event: 25137.755 Thread 0x000001a470adb1b0 Exception <a 'sun/nio/fs/WindowsException'{0x00000000d5d22d48}> (0x00000000d5d22d48) 
thrown [s\src\hotspot\share\prims\jni.cpp, line 520]
Event: 25137.761 Thread 0x000001a470adb1b0 Exception <a 'sun/nio/fs/WindowsException'{0x00000000d5d24798}> (0x00000000d5d24798) 
thrown [s\src\hotspot\share\prims\jni.cpp, line 520]
Event: 25137.761 Thread 0x000001a470adb1b0 Exception <a 'sun/nio/fs/WindowsException'{0x00000000d5d24e98}> (0x00000000d5d24e98) 
thrown [s\src\hotspot\share\prims\jni.cpp, line 520]
Event: 25137.768 Thread 0x000001a470adb1b0 Exception <a 'sun/nio/fs/WindowsException'{0x00000000d5d43f80}> (0x00000000d5d43f80) 
thrown [s\src\hotspot\share\prims\jni.cpp, line 520]
Event: 25137.768 Thread 0x000001a470adb1b0 Exception <a 'sun/nio/fs/WindowsException'{0x00000000d5d44930}> (0x00000000d5d44930) 
thrown [s\src\hotspot\share\prims\jni.cpp, line 520]
Event: 25138.317 Thread 0x000001a47aabe6b0 Exception <a 'sun/nio/fs/WindowsException'{0x00000000d6179c28}> (0x00000000d6179c28) 
thrown [s\src\hotspot\share\prims\jni.cpp, line 520]
Event: 25138.318 Thread 0x000001a47aabe6b0 Exception <a 'sun/nio/fs/WindowsException'{0x00000000d617cec0}> (0x00000000d617cec0) 
thrown [s\src\hotspot\share\prims\jni.cpp, line 520]
Event: 25303.962 Thread 0x000001a46e7b13b0 Exception <a 'sun/nio/fs/WindowsException'{0x00000000d56205e0}> (0x00000000d56205e0) 
thrown [s\src\hotspot\share\prims\jni.cpp, line 520]
Event: 25303.968 Thread 0x000001a46e7b13b0 Exception <a 'sun/nio/fs/WindowsException'{0x00000000d5620fb0}> (0x00000000d5620fb0) 
thrown [s\src\hotspot\share\prims\jni.cpp, line 520]

ZGC Phase Switch (0 events):
No events

VM Operations (20 events):
Event: 41591.503 Executing non-safepoint VM operation: HandshakeAllThreads (HandshakeForDeflation)
Event: 41591.508 Executing non-safepoint VM operation: HandshakeAllThreads (HandshakeForDeflation) done
Event: 41591.508 Executing non-safepoint VM operation: RendezvousGCThreads
Event: 41591.508 Executing non-safepoint VM operation: RendezvousGCThreads done
Event: 41651.725 Executing non-safepoint VM operation: HandshakeAllThreads (HandshakeForDeflation)
Event: 41651.730 Executing non-safepoint VM operation: HandshakeAllThreads (HandshakeForDeflation) done
Event: 41651.731 Executing non-safepoint VM operation: RendezvousGCThreads
Event: 41651.731 Executing non-safepoint VM operation: RendezvousGCThreads done
Event: 41711.798 Executing non-safepoint VM operation: HandshakeAllThreads (HandshakeForDeflation)
Event: 41711.798 Executing non-safepoint VM operation: HandshakeAllThreads (HandshakeForDeflation) done
Event: 41711.798 Executing non-safepoint VM operation: RendezvousGCThreads
Event: 41711.798 Executing non-safepoint VM operation: RendezvousGCThreads done
Event: 42012.671 Executing non-safepoint VM operation: HandshakeAllThreads (HandshakeForDeflation)
Event: 42012.679 Executing non-safepoint VM operation: HandshakeAllThreads (HandshakeForDeflation) done
Event: 42012.679 Executing non-safepoint VM operation: RendezvousGCThreads
Event: 42012.679 Executing non-safepoint VM operation: RendezvousGCThreads done
Event: 42072.733 Executing non-safepoint VM operation: HandshakeAllThreads (HandshakeForDeflation)
Event: 42072.745 Executing non-safepoint VM operation: HandshakeAllThreads (HandshakeForDeflation) done
Event: 42072.745 Executing non-safepoint VM operation: RendezvousGCThreads
Event: 42072.745 Executing non-safepoint VM operation: RendezvousGCThreads done

Memory protections (0 events):
No events

Nmethod flushes (20 events):
Event: 24522.318 Thread 0x000001a466730be0 flushing  nmethod 0x000001a454980710
Event: 24522.318 Thread 0x000001a466730be0 flushing  nmethod 0x000001a4549b3290
Event: 24522.318 Thread 0x000001a466730be0 flushing  nmethod 0x000001a4549d6110
Event: 24522.318 Thread 0x000001a466730be0 flushing  nmethod 0x000001a4549fb990
Event: 24522.318 Thread 0x000001a466730be0 flushing  nmethod 0x000001a454af7310
Event: 24522.318 Thread 0x000001a466730be0 flushing  nmethod 0x000001a454b18d90
Event: 24522.318 Thread 0x000001a466730be0 flushing  nmethod 0x000001a454b82f90
Event: 24522.318 Thread 0x000001a466730be0 flushing  nmethod 0x000001a454baa810
Event: 24522.318 Thread 0x000001a466730be0 flushing  nmethod 0x000001a454bf8e10
Event: 24522.318 Thread 0x000001a466730be0 flushing  nmethod 0x000001a454c71390
Event: 24522.318 Thread 0x000001a466730be0 flushing  nmethod 0x000001a454c72090
Event: 24522.318 Thread 0x000001a466730be0 flushing  nmethod 0x000001a454cb6290
Event: 24522.318 Thread 0x000001a466730be0 flushing  nmethod 0x000001a454cdb010
Event: 24522.318 Thread 0x000001a466730be0 flushing  nmethod 0x000001a454d0a590
Event: 24522.318 Thread 0x000001a466730be0 flushing  nmethod 0x000001a454d40790
Event: 24522.318 Thread 0x000001a466730be0 flushing  nmethod 0x000001a454de7f10
Event: 24522.318 Thread 0x000001a466730be0 flushing  nmethod 0x000001a454f75d90
Event: 24522.318 Thread 0x000001a466730be0 flushing  nmethod 0x000001a454f7ab10
Event: 24522.318 Thread 0x000001a466730be0 flushing  nmethod 0x000001a454f7bc10
Event: 24522.318 Thread 0x000001a466730be0 flushing  nmethod 0x000001a454fe2310

Events (20 events):
Event: 40805.590 Thread 0x000001a470ada490 Thread exited: 0x000001a470ada490
Event: 40865.528 Thread 0x000001a46ec02640 Thread exited: 0x000001a46ec02640
Event: 41226.938 Thread 0x000001a46e7b2760 Thread added: 0x000001a46ec02640
Event: 41227.649 Thread 0x000001a46e7b2760 Thread added: 0x000001a46ec02cd0
Event: 41227.739 Thread 0x000001a46e7b2760 Thread added: 0x000001a46ec03360
Event: 41227.754 Thread 0x000001a46e7b2760 Thread added: 0x000001a46ec05430
Event: 41227.771 Thread 0x000001a46ec02cd0 Thread added: 0x000001a46ec039f0
Event: 41227.783 Thread 0x000001a46e7b2760 Thread added: 0x000001a46ec04da0
Event: 41227.821 Thread 0x000001a46ec04da0 Thread added: 0x000001a470ada490
Event: 41234.515 Thread 0x000001a470ad90e0 Thread added: 0x000001a470ad83c0
Event: 41256.251 Thread 0x000001a46673b470 Thread added: 0x000001a46dfcc200
Event: 41258.407 Thread 0x000001a46dfcc200 Thread exited: 0x000001a46dfcc200
Event: 41318.859 Thread 0x000001a46ec04da0 Thread exited: 0x000001a46ec04da0
Event: 41358.103 Thread 0x000001a46e7b13b0 Thread exited: 0x000001a46e7b13b0
Event: 41358.109 Thread 0x000001a470ad83c0 Thread exited: 0x000001a470ad83c0
Event: 41378.660 Thread 0x000001a46ec039f0 Thread exited: 0x000001a46ec039f0
Event: 41438.687 Thread 0x000001a46ec05430 Thread exited: 0x000001a46ec05430
Event: 41498.680 Thread 0x000001a470ada490 Thread exited: 0x000001a470ada490
Event: 41558.698 Thread 0x000001a46ec03360 Thread exited: 0x000001a46ec03360
Event: 41618.692 Thread 0x000001a46ec02cd0 Thread exited: 0x000001a46ec02cd0


Dynamic libraries:
0x00007ff715370000 - 0x00007ff71537e000 	c:\Users\trami\.vscode\extensions\redhat.java-1.54.0-win32-x64\jre\21.0.10-win32-x86_64\bin\java.exe
0x00007ff810640000 - 0x00007ff8108a7000 	C:\WINDOWS\SYSTEM32\ntdll.dll
0x00007ff80f090000 - 0x00007ff80f159000 	C:\WINDOWS\System32\KERNEL32.DLL
0x00007ff80dc10000 - 0x00007ff80e007000 	C:\WINDOWS\System32\KERNELBASE.dll
0x00007ff80e010000 - 0x00007ff80e15b000 	C:\WINDOWS\System32\ucrtbase.dll
0x00007fffe6ac0000 - 0x00007fffe6ad8000 	c:\Users\trami\.vscode\extensions\redhat.java-1.54.0-win32-x64\jre\21.0.10-win32-x86_64\bin\jli.dll
0x00007ff810380000 - 0x00007ff810546000 	C:\WINDOWS\System32\USER32.dll
0x00007ff80e210000 - 0x00007ff80e237000 	C:\WINDOWS\System32\win32u.dll
0x00007ff80fc60000 - 0x00007ff80fc8b000 	C:\WINDOWS\System32\GDI32.dll
0x00007ff80d8e0000 - 0x00007ff80da0c000 	C:\WINDOWS\System32\gdi32full.dll
0x00007ff80e160000 - 0x00007ff80e203000 	C:\WINDOWS\System32\msvcp_win.dll
0x00007fffe5630000 - 0x00007fffe564e000 	c:\Users\trami\.vscode\extensions\redhat.java-1.54.0-win32-x64\jre\21.0.10-win32-x86_64\bin\VCRUNTIME140.dll
0x00007ffff3bc0000 - 0x00007ffff3e52000 	C:\WINDOWS\WinSxS\amd64_microsoft.windows.common-controls_6595b64144ccf1df_6.0.26100.8457_none_3e0b2faee331e92d\COMCTL32.dll
0x00007ff810550000 - 0x00007ff8105f9000 	C:\WINDOWS\System32\msvcrt.dll
0x00007ff80f000000 - 0x00007ff80f032000 	C:\WINDOWS\System32\IMM32.DLL
0x00007ffffaed0000 - 0x00007ffffaedc000 	c:\Users\trami\.vscode\extensions\redhat.java-1.54.0-win32-x64\jre\21.0.10-win32-x86_64\bin\vcruntime140_1.dll
0x00007fff95890000 - 0x00007fff9591d000 	c:\Users\trami\.vscode\extensions\redhat.java-1.54.0-win32-x64\jre\21.0.10-win32-x86_64\bin\msvcp140.dll
0x00007fff50c20000 - 0x00007fff519c1000 	c:\Users\trami\.vscode\extensions\redhat.java-1.54.0-win32-x64\jre\21.0.10-win32-x86_64\bin\server\jvm.dll
0x00007ff80e8a0000 - 0x00007ff80e956000 	C:\WINDOWS\System32\ADVAPI32.dll
0x00007ff80f160000 - 0x00007ff80f207000 	C:\WINDOWS\System32\sechost.dll
0x00007ff80f210000 - 0x00007ff80f328000 	C:\WINDOWS\System32\RPCRT4.dll
0x00007ff810280000 - 0x00007ff810300000 	C:\WINDOWS\System32\WS2_32.dll
0x00007ff80ced0000 - 0x00007ff80cf2e000 	C:\WINDOWS\SYSTEM32\POWRPROF.dll
0x00007ff804380000 - 0x00007ff8043b6000 	C:\WINDOWS\SYSTEM32\WINMM.dll
0x00007ffff1d80000 - 0x00007ffff1d8b000 	C:\WINDOWS\SYSTEM32\VERSION.dll
0x00007ff80ceb0000 - 0x00007ff80cec4000 	C:\WINDOWS\SYSTEM32\UMPDC.dll
0x00007ff80be00000 - 0x00007ff80be1b000 	C:\WINDOWS\SYSTEM32\kernel.appcore.dll
0x00007ffff16e0000 - 0x00007ffff16ea000 	c:\Users\trami\.vscode\extensions\redhat.java-1.54.0-win32-x64\jre\21.0.10-win32-x86_64\bin\jimage.dll
0x00007ff80b090000 - 0x00007ff80b2d2000 	C:\WINDOWS\SYSTEM32\DBGHELP.DLL
0x00007ff80fef0000 - 0x00007ff810273000 	C:\WINDOWS\System32\combase.dll
0x00007ff80e660000 - 0x00007ff80e739000 	C:\WINDOWS\System32\OLEAUT32.dll
0x00007fffec940000 - 0x00007fffec97b000 	C:\WINDOWS\SYSTEM32\dbgcore.DLL
0x00007ff80daa0000 - 0x00007ff80db48000 	C:\WINDOWS\System32\bcryptPrimitives.dll
0x00007fffeb420000 - 0x00007fffeb42f000 	c:\Users\trami\.vscode\extensions\redhat.java-1.54.0-win32-x64\jre\21.0.10-win32-x86_64\bin\instrument.dll
0x00007fffe3ae0000 - 0x00007fffe3b00000 	c:\Users\trami\.vscode\extensions\redhat.java-1.54.0-win32-x64\jre\21.0.10-win32-x86_64\bin\java.dll
0x00007ff80f340000 - 0x00007ff80faae000 	C:\WINDOWS\System32\SHELL32.dll
0x00007ff80d070000 - 0x00007ff80d8dc000 	C:\WINDOWS\System32\windows.storage.dll
0x00007ff80ee00000 - 0x00007ff80eef6000 	C:\WINDOWS\System32\SHCORE.dll
0x00007ff810310000 - 0x00007ff810376000 	C:\WINDOWS\System32\shlwapi.dll
0x00007ff80cf90000 - 0x00007ff80cfb9000 	C:\WINDOWS\SYSTEM32\profapi.dll
0x00007fffe2220000 - 0x00007fffe2238000 	c:\Users\trami\.vscode\extensions\redhat.java-1.54.0-win32-x64\jre\21.0.10-win32-x86_64\bin\zip.dll
0x00007fffe92c0000 - 0x00007fffe92d0000 	C:\Users\trami\.vscode\extensions\redhat.java-1.54.0-win32-x64\jre\21.0.10-win32-x86_64\bin\net.dll
0x00007ff802db0000 - 0x00007ff802ed9000 	C:\WINDOWS\SYSTEM32\WINHTTP.dll
0x00007ff80c370000 - 0x00007ff80c3dc000 	C:\WINDOWS\system32\mswsock.dll
0x00007fffe00e0000 - 0x00007fffe00f6000 	C:\Users\trami\.vscode\extensions\redhat.java-1.54.0-win32-x64\jre\21.0.10-win32-x86_64\bin\nio.dll
0x00007fffe9240000 - 0x00007fffe9250000 	c:\Users\trami\.vscode\extensions\redhat.java-1.54.0-win32-x64\jre\21.0.10-win32-x86_64\bin\verify.dll
0x00007fffdbfa0000 - 0x00007fffdbfe5000 	C:\Users\trami\AppData\Roaming\Code\User\globalStorage\redhat.java\1.54.0\config_win\org.eclipse.equinox.launcher\org.eclipse.equinox.launcher.win32.win32.x86_64_1.3.0.v20260203-2149\eclipse_11919.dll
0x00007ff80fac0000 - 0x00007ff80fc57000 	C:\WINDOWS\System32\ole32.dll
0x00007ff80c650000 - 0x00007ff80c66b000 	C:\WINDOWS\SYSTEM32\CRYPTSP.dll
0x00007ff80bd60000 - 0x00007ff80bd99000 	C:\WINDOWS\system32\rsaenh.dll
0x00007ff80c420000 - 0x00007ff80c453000 	C:\WINDOWS\SYSTEM32\USERENV.dll
0x00007ff80cf60000 - 0x00007ff80cf8a000 	C:\WINDOWS\SYSTEM32\bcrypt.dll
0x00007ff80c670000 - 0x00007ff80c67c000 	C:\WINDOWS\SYSTEM32\CRYPTBASE.dll
0x00007ff80b8a0000 - 0x00007ff80b8d2000 	C:\WINDOWS\SYSTEM32\IPHLPAPI.DLL
0x00007ff80edf0000 - 0x00007ff80edfa000 	C:\WINDOWS\System32\NSI.dll
0x00007fffaed20000 - 0x00007fffaed69000 	C:\Users\trami\AppData\Local\Temp\jna-110621311\jna12081275534167839218.dll
0x00007ff80fe80000 - 0x00007ff80fe88000 	C:\WINDOWS\System32\PSAPI.DLL
0x00007ff805ce0000 - 0x00007ff805cfd000 	C:\WINDOWS\SYSTEM32\dhcpcsvc6.DLL
0x00007ff805c40000 - 0x00007ff805c65000 	C:\WINDOWS\SYSTEM32\dhcpcsvc.DLL
0x00007fffe9270000 - 0x00007fffe9279000 	C:\Users\trami\.vscode\extensions\redhat.java-1.54.0-win32-x64\jre\21.0.10-win32-x86_64\bin\extnet.dll
0x00007fffe9280000 - 0x00007fffe928e000 	C:\Users\trami\.vscode\extensions\redhat.java-1.54.0-win32-x64\jre\21.0.10-win32-x86_64\bin\sunmscapi.dll
0x00007ff80e240000 - 0x00007ff80e3b8000 	C:\WINDOWS\System32\CRYPT32.dll
0x00007ff80c7f0000 - 0x00007ff80c820000 	C:\WINDOWS\SYSTEM32\ncrypt.dll
0x00007ff80c7a0000 - 0x00007ff80c7df000 	C:\WINDOWS\SYSTEM32\NTASN1.dll
0x00007fffd6270000 - 0x00007fffd6278000 	C:\WINDOWS\system32\wshunix.dll
0x00007ff80b980000 - 0x00007ff80bab2000 	C:\WINDOWS\SYSTEM32\DNSAPI.dll
0x00007ff803fa0000 - 0x00007ff803fab000 	C:\Windows\System32\rasadhlp.dll
0x00007ff8069c0000 - 0x00007ff806a46000 	C:\WINDOWS\System32\fwpuclnt.dll

JVMTI agents:
c:\Users\trami\.vscode\extensions\redhat.java-1.54.0-win32-x64\lombok\lombok-1.18.39-4050.jar path:c:\Users\trami\.vscode\extensions\redhat.java-1.54.0-win32-x64\jre\21.0.10-win32-x86_64\bin\instrument.dll, loaded, initialized, instrumentlib options:none

dbghelp: loaded successfully - version: 4.0.5 - missing functions: none
symbol engine: initialized successfully - sym options: 0x614 - pdb path: .;c:\Users\trami\.vscode\extensions\redhat.java-1.54.0-win32-x64\jre\21.0.10-win32-x86_64\bin;C:\WINDOWS\SYSTEM32;C:\WINDOWS\WinSxS\amd64_microsoft.windows.common-controls_6595b64144ccf1df_6.0.26100.8457_none_3e0b2faee331e92d;c:\Users\trami\.vscode\extensions\redhat.java-1.54.0-win32-x64\jre\21.0.10-win32-x86_64\bin\server;C:\Users\trami\AppData\Roaming\Code\User\globalStorage\redhat.java\1.54.0\config_win\org.eclipse.equinox.launcher\org.eclipse.equinox.launcher.win32.win32.x86_64_1.3.0.v20260203-2149;C:\Users\trami\AppData\Local\Temp\jna-110621311

VM Arguments:
jvm_args: --add-modules=ALL-SYSTEM --add-opens=java.base/java.util=ALL-UNNAMED --add-opens=java.base/java.lang=ALL-UNNAMED --add-opens=java.base/sun.nio.fs=ALL-UNNAMED -Declipse.application=org.eclipse.jdt.ls.core.id1 -Dosgi.bundles.defaultStartLevel=4 -Declipse.product=org.eclipse.jdt.ls.core.product -Djava.import.generatesMetadataFilesAtProjectRoot=false -DDetectVMInstallationsJob.disabled=true -Dfile.encoding=utf8 -XX:+UseParallelGC -XX:GCTimeRatio=4 -XX:AdaptiveSizePolicyWeight=90 -Dsun.zip.disableMemoryMapping=true -Xmx2G -Xms100m -Xlog:disable -javaagent:c:\Users\trami\.vscode\extensions\redhat.java-1.54.0-win32-x64\lombok\lombok-1.18.39-4050.jar -XX:+HeapDumpOnOutOfMemoryError -XX:HeapDumpPath=c:\Users\trami\AppData\Roaming\Code\User\workspaceStorage\c66ff762d51978c026e4f0719f5d9df8\redhat.java -Daether.dependencyCollector.impl=bf 
java_command: c:\Users\trami\.vscode\extensions\redhat.java-1.54.0-win32-x64\server\plugins\org.eclipse.equinox.launcher_1.7.100.v20251111-0406.jar -configuration c:\Users\trami\AppData\Roaming\Code\User\globalStorage\redhat.java\1.54.0\config_win -data c:\Users\trami\AppData\Roaming\Code\User\workspaceStorage\c66ff762d51978c026e4f0719f5d9df8\redhat.java\jdt_ws --pipe=\\.\pipe\lsp-20b009bce85460de432260f0d0e8e280-sock
java_class_path (initial): c:\Users\trami\.vscode\extensions\redhat.java-1.54.0-win32-x64\server\plugins\org.eclipse.equinox.launcher_1.7.100.v20251111-0406.jar
Launcher Type: SUN_STANDARD

[Global flags]
    uintx AdaptiveSizePolicyWeight                 = 90                                        {product} {command line}
     intx CICompilerCount                          = 4                                         {product} {ergonomic}
    uintx GCTimeRatio                              = 4                                         {product} {command line}
     bool HeapDumpOnOutOfMemoryError               = true                                   {manageable} {command line}
    ccstr HeapDumpPath                             = c:\Users\trami\AppData\Roaming\Code\User\workspaceStorage\c66ff762d51978c026e4f0719f5d9df8\redhat.java         {manageable} {command line}
   size_t InitialHeapSize                          = 104857600                                 {product} {command line}
   size_t MaxHeapSize                              = 2147483648                                {product} {command line}
   size_t MaxNewSize                               = 715653120                                 {product} {ergonomic}
   size_t MinHeapDeltaBytes                        = 524288                                    {product} {ergonomic}
   size_t MinHeapSize                              = 104857600                                 {product} {command line}
   size_t NewSize                                  = 34603008                                  {product} {ergonomic}
    uintx NonNMethodCodeHeapSize                   = 5839372                                {pd product} {ergonomic}
    uintx NonProfiledCodeHeapSize                  = 122909434                              {pd product} {ergonomic}
   size_t OldSize                                  = 70254592                                  {product} {ergonomic}
    uintx ProfiledCodeHeapSize                     = 122909434                              {pd product} {ergonomic}
    uintx ReservedCodeCacheSize                    = 251658240                              {pd product} {ergonomic}
     bool SegmentedCodeCache                       = true                                      {product} {ergonomic}
   size_t SoftMaxHeapSize                          = 2147483648                             {manageable} {ergonomic}
     bool UseCompressedOops                        = true                           {product lp64_product} {ergonomic}
     bool UseLargePagesIndividualAllocation        = false                                  {pd product} {ergonomic}
     bool UseParallelGC                            = true                                      {product} {command line}

Logging:
Log output configuration:
 #0: stdout all=off uptime,level,tags foldmultilines=false
 #1: stderr all=off uptime,level,tags foldmultilines=false

Release file:
JAVA_VERSION="21.0.10" 
MODULES="java.base java.compiler java.datatransfer java.xml java.prefs java.desktop java.instrument java.logging java.management java.security.sasl java.naming java.rmi java.management.rmi java.net.http java.scripting java.security.jgss java.transaction.xa java.sql java.sql.rowset java.xml.crypto java.se java.smartcardio jdk.accessibility jdk.internal.jvmstat jdk.attach jdk.charsets jdk.internal.opt jdk.zipfs jdk.compiler jdk.crypto.ec jdk.crypto.cryptoki jdk.crypto.mscapi jdk.dynalink jdk.internal.ed jdk.editpad jdk.hotspot.agent jdk.httpserver jdk.internal.le jdk.internal.vm.ci jdk.internal.vm.compiler jdk.internal.vm.compiler.management jdk.jartool jdk.javadoc jdk.jcmd jdk.management jdk.management.agent jdk.jconsole jdk.jdeps jdk.jdwp.agent jdk.jdi jdk.jfr jdk.jshell jdk.jsobject jdk.jstatd jdk.localedata jdk.management.jfr jdk.naming.dns jdk.naming.rmi jdk.net jdk.nio.mapmode jdk.random jdk.sctp jdk.security.auth jdk.security.jgss jdk.unsupported jdk.unsupported.desktop jdk.xml.dom" 

Environment Variables:
JAVA_HOME=C:\Program Files\Java\jdk-21
PATH=C:\Program Files\Eclipse Adoptium\jdk-17.0.18.8-hotspot\bin;C:\Program Files\Common Files\Oracle\Java\javapath;C:\Program Files (x86)\Common Files\Oracle\Java\java8path;C:\Program Files (x86)\Common Files\Oracle\Java\javapath;C:\WINDOWS\system32;C:\WINDOWS;C:\WINDOWS\System32\Wbem;C:\WINDOWS\System32\WindowsPowerShell\v1.0\;C:\WINDOWS\System32\OpenSSH\;C:\Program Files\apache-maven-3.9.15\bin;C:\Program Files\Git\cmd;C:\Program Files\nodejs\;;C:\Program Files\Docker\Docker\resources\bin;C:\Users\trami\AppData\Local\Microsoft\WindowsApps;C:\Program Files\JetBrains\IntelliJ IDEA 2024.1.4\bin;;C:\Users\trami\AppData\Local\Programs\Microsoft VS Code\bin;C:\Users\trami\AppData\Local\Programs\Windsurf\bin;C:\Users\trami\AppData\Local\GitHubDesktop\bin;C:\Users\trami\AppData\Roaming\npm;C:\Program Files\nodejs;
USERNAME=trami
OS=Windows_NT
PROCESSOR_IDENTIFIER=Intel64 Family 6 Model 190 Stepping 0, GenuineIntel
TMP=C:\Users\trami\AppData\Local\Temp
TEMP=C:\Users\trami\AppData\Local\Temp




Periodic native trim disabled

---------------  S Y S T E M  ---------------

OS:
 Windows 11 , 64 bit Build 26100 (10.0.26100.8328)
OS uptime: 0 days 12:18 hours
Hyper-V role detected

CPU: total 8 (initial active 8) (8 cores per cpu, 1 threads per core) family 6 model 190 stepping 0 microcode 0xe, cx8, cmov, fxsr, mmx, 3dnowpref, sse, sse2, sse3, ssse3, sse4.1, sse4.2, popcnt, lzcnt, tsc, tscinvbit, avx, avx2, aes, erms, clmul, bmi1, bmi2, adx, sha, fma, vzeroupper, clflush, clflushopt, clwb, hv, serialize, rdtscp, rdpid, fsrm, f16c, cet_ibt, cet_ss
Processor Information for processor 0
  Max Mhz: 1800, Current Mhz: 1800, Mhz Limit: 1800
Processor Information for processor 1
  Max Mhz: 1800, Current Mhz: 1500, Mhz Limit: 1800
Processor Information for processor 2
  Max Mhz: 1800, Current Mhz: 1500, Mhz Limit: 1800
Processor Information for processor 3
  Max Mhz: 1800, Current Mhz: 1500, Mhz Limit: 1800
Processor Information for processor 4
  Max Mhz: 1800, Current Mhz: 1500, Mhz Limit: 1800
Processor Information for processor 5
  Max Mhz: 1800, Current Mhz: 1800, Mhz Limit: 1800
Processor Information for processor 6
  Max Mhz: 1800, Current Mhz: 1500, Mhz Limit: 1800
Processor Information for processor 7
  Max Mhz: 1800, Current Mhz: 1500, Mhz Limit: 1800

Memory: 4k page, system-wide physical 7865M (709M free)
TotalPageFile size 32441M (AvailPageFile size 93M)
current process WorkingSet (physical memory assigned to process): 7M, peak: 536M
current process commit charge ("private bytes"): 1068M, peak: 1099M

vm_info: OpenJDK 64-Bit Server VM (21.0.10+7-LTS) for windows-amd64 JRE (21.0.10+7-LTS), built on 2026-01-20T00:00:00Z by "admin" with MS VC++ 17.12 (VS2022)

END.
